$ D:\Research\QML\results_1\cvqc\thesis_part_2\softwares\PhotoGraphiQML\.venv\Scripts\python.exe D:\Research\QML\results_1\cvqc\thesis_part_2\softwares\PhotoGraphiQML\paper_experiments\10_physical_statistics\44_shot_convergence.py

--- stdout ---

=== R44 shot convergence ===
  coverage_rate: 1.0
  status: pass


--- stderr ---
D:\Research\QML\results_1\cvqc\thesis_part_2\softwares\PhotoGraphiQ\src\photographiq\backends\fock.py:465: RuntimeWarning: GaussianTransform: retained Fock norm 0.99999997; test a larger cutoff
  self._gate((u, v), pq.GaussianTransform(passive=passive, active=active))
D:\Research\QML\results_1\cvqc\thesis_part_2\softwares\PhotoGraphiQ\src\photographiq\backends\fock.py:465: RuntimeWarning: GaussianTransform: retained Fock norm 0.99999996; test a larger cutoff
  self._gate((u, v), pq.GaussianTransform(passive=passive, active=active))
D:\Research\QML\results_1\cvqc\thesis_part_2\softwares\PhotoGraphiQ\src\photographiq\backends\fock.py:465: RuntimeWarning: GaussianTransform: retained Fock norm 0.99999799; test a larger cutoff
  self._gate((u, v), pq.GaussianTransform(passive=passive, active=active))
D:\Research\QML\results_1\cvqc\thesis_part_2\softwares\PhotoGraphiQ\src\photographiq\backends\fock.py:465: RuntimeWarning: GaussianTransform: retained Fock norm 0.99996528; test a larger cutoff
  self._gate((u, v), pq.GaussianTransform(passive=passive, active=active))
D:\Research\QML\results_1\cvqc\thesis_part_2\softwares\PhotoGraphiQ\src\photographiq\backends\fock.py:465: RuntimeWarning: GaussianTransform: retained Fock norm 0.99999975; test a larger cutoff
  self._gate((u, v), pq.GaussianTransform(passive=passive, active=active))
D:\Research\QML\results_1\cvqc\thesis_part_2\softwares\PhotoGraphiQ\src\photographiq\backends\fock.py:465: RuntimeWarning: GaussianTransform: retained Fock norm 0.99999577; test a larger cutoff
  self._gate((u, v), pq.GaussianTransform(passive=passive, active=active))
D:\Research\QML\results_1\cvqc\thesis_part_2\softwares\PhotoGraphiQ\src\photographiq\backends\fock.py:465: RuntimeWarning: GaussianTransform: retained Fock norm 0.99999995; test a larger cutoff
  self._gate((u, v), pq.GaussianTransform(passive=passive, active=active))
D:\Research\QML\results_1\cvqc\thesis_part_2\softwares\PhotoGraphiQ\src\photographiq\backends\fock.py:465: RuntimeWarning: GaussianTransform: retained Fock norm 0.99999985; test a larger cutoff
  self._gate((u, v), pq.GaussianTransform(passive=passive, active=active))
D:\Research\QML\results_1\cvqc\thesis_part_2\softwares\PhotoGraphiQ\src\photographiq\backends\fock.py:465: RuntimeWarning: GaussianTransform: retained Fock norm 0.9999996; test a larger cutoff
  self._gate((u, v), pq.GaussianTransform(passive=passive, active=active))
D:\Research\QML\results_1\cvqc\thesis_part_2\softwares\PhotoGraphiQ\src\photographiq\backends\fock.py:465: RuntimeWarning: GaussianTransform: retained Fock norm 0.99999955; test a larger cutoff
  self._gate((u, v), pq.GaussianTransform(passive=passive, active=active))
D:\Research\QML\results_1\cvqc\thesis_part_2\softwares\PhotoGraphiQ\src\photographiq\backends\fock.py:465: RuntimeWarning: GaussianTransform: retained Fock norm 0.99999993; test a larger cutoff
  self._gate((u, v), pq.GaussianTransform(passive=passive, active=active))
D:\Research\QML\results_1\cvqc\thesis_part_2\softwares\PhotoGraphiQ\src\photographiq\backends\fock.py:465: RuntimeWarning: GaussianTransform: retained Fock norm 0.99999969; test a larger cutoff
  self._gate((u, v), pq.GaussianTransform(passive=passive, active=active))
D:\Research\QML\results_1\cvqc\thesis_part_2\softwares\PhotoGraphiQ\src\photographiq\backends\fock.py:465: RuntimeWarning: GaussianTransform: retained Fock norm 0.9999999; test a larger cutoff
  self._gate((u, v), pq.GaussianTransform(passive=passive, active=active))
D:\Research\QML\results_1\cvqc\thesis_part_2\softwares\PhotoGraphiQ\src\photographiq\backends\fock.py:465: RuntimeWarning: GaussianTransform: retained Fock norm 0.99999913; test a larger cutoff
  self._gate((u, v), pq.GaussianTransform(passive=passive, active=active))
D:\Research\QML\results_1\cvqc\thesis_part_2\softwares\PhotoGraphiQ\src\photographiq\backends\fock.py:465: RuntimeWarning: GaussianTransform: retained Fock norm 0.99999992; test a larger cutoff
  self._gate((u, v), pq.GaussianTransform(passive=passive, active=active))
D:\Research\QML\results_1\cvqc\thesis_part_2\softwares\PhotoGraphiQ\src\photographiq\backends\fock.py:465: RuntimeWarning: GaussianTransform: retained Fock norm 0.99999956; test a larger cutoff
  self._gate((u, v), pq.GaussianTransform(passive=passive, active=active))
D:\Research\QML\results_1\cvqc\thesis_part_2\softwares\PhotoGraphiQ\src\photographiq\backends\fock.py:465: RuntimeWarning: GaussianTransform: retained Fock norm 0.99999928; test a larger cutoff
  self._gate((u, v), pq.GaussianTransform(passive=passive, active=active))
D:\Research\QML\results_1\cvqc\thesis_part_2\softwares\PhotoGraphiQ\src\photographiq\backends\fock.py:465: RuntimeWarning: GaussianTransform: retained Fock norm 0.99999893; test a larger cutoff
  self._gate((u, v), pq.GaussianTransform(passive=passive, active=active))
D:\Research\QML\results_1\cvqc\thesis_part_2\softwares\PhotoGraphiQ\src\photographiq\backends\fock.py:465: RuntimeWarning: GaussianTransform: retained Fock norm 0.9999829; test a larger cutoff
  self._gate((u, v), pq.GaussianTransform(passive=passive, active=active))
D:\Research\QML\results_1\cvqc\thesis_part_2\softwares\PhotoGraphiQ\src\photographiq\backends\fock.py:465: RuntimeWarning: GaussianTransform: retained Fock norm 0.99999994; test a larger cutoff
  self._gate((u, v), pq.GaussianTransform(passive=passive, active=active))
D:\Research\QML\results_1\cvqc\thesis_part_2\softwares\PhotoGraphiQ\src\photographiq\backends\fock.py:465: RuntimeWarning: GaussianTransform: retained Fock norm 0.99999856; test a larger cutoff
  self._gate((u, v), pq.GaussianTransform(passive=passive, active=active))
D:\Research\QML\results_1\cvqc\thesis_part_2\softwares\PhotoGraphiQ\src\photographiq\backends\fock.py:465: RuntimeWarning: GaussianTransform: retained Fock norm 0.99996742; test a larger cutoff
  self._gate((u, v), pq.GaussianTransform(passive=passive, active=active))
D:\Research\QML\results_1\cvqc\thesis_part_2\softwares\PhotoGraphiQ\src\photographiq\backends\fock.py:465: RuntimeWarning: GaussianTransform: retained Fock norm 0.99999807; test a larger cutoff
  self._gate((u, v), pq.GaussianTransform(passive=passive, active=active))
D:\Research\QML\results_1\cvqc\thesis_part_2\softwares\PhotoGraphiQ\src\photographiq\backends\fock.py:465: RuntimeWarning: GaussianTransform: retained Fock norm 0.99999978; test a larger cutoff
  self._gate((u, v), pq.GaussianTransform(passive=passive, active=active))
D:\Research\QML\results_1\cvqc\thesis_part_2\softwares\PhotoGraphiQ\src\photographiq\backends\fock.py:465: RuntimeWarning: GaussianTransform: retained Fock norm 0.99999931; test a larger cutoff
  self._gate((u, v), pq.GaussianTransform(passive=passive, active=active))
D:\Research\QML\results_1\cvqc\thesis_part_2\softwares\PhotoGraphiQ\src\photographiq\backends\fock.py:465: RuntimeWarning: GaussianTransform: retained Fock norm 0.99999947; test a larger cutoff
  self._gate((u, v), pq.GaussianTransform(passive=passive, active=active))
D:\Research\QML\results_1\cvqc\thesis_part_2\softwares\PhotoGraphiQ\src\photographiq\backends\fock.py:465: RuntimeWarning: GaussianTransform: retained Fock norm 0.99999878; test a larger cutoff
  self._gate((u, v), pq.GaussianTransform(passive=passive, active=active))
D:\Research\QML\results_1\cvqc\thesis_part_2\softwares\PhotoGraphiQ\src\photographiq\backends\fock.py:465: RuntimeWarning: GaussianTransform: retained Fock norm 0.99999951; test a larger cutoff
  self._gate((u, v), pq.GaussianTransform(passive=passive, active=active))
D:\Research\QML\results_1\cvqc\thesis_part_2\softwares\PhotoGraphiQ\src\photographiq\backends\fock.py:465: RuntimeWarning: GaussianTransform: retained Fock norm 0.99999987; test a larger cutoff
  self._gate((u, v), pq.GaussianTransform(passive=passive, active=active))
D:\Research\QML\results_1\cvqc\thesis_part_2\softwares\PhotoGraphiQ\src\photographiq\backends\fock.py:465: RuntimeWarning: GaussianTransform: retained Fock norm 0.99999973; test a larger cutoff
  self._gate((u, v), pq.GaussianTransform(passive=passive, active=active))
D:\Research\QML\results_1\cvqc\thesis_part_2\softwares\PhotoGraphiQ\src\photographiq\backends\fock.py:465: RuntimeWarning: GaussianTransform: retained Fock norm 0.99999933; test a larger cutoff
  self._gate((u, v), pq.GaussianTransform(passive=passive, active=active))
D:\Research\QML\results_1\cvqc\thesis_part_2\softwares\PhotoGraphiQ\src\photographiq\backends\fock.py:465: RuntimeWarning: GaussianTransform: retained Fock norm 0.99998842; test a larger cutoff
  self._gate((u, v), pq.GaussianTransform(passive=passive, active=active))
D:\Research\QML\results_1\cvqc\thesis_part_2\softwares\PhotoGraphiQ\src\photographiq\backends\fock.py:465: RuntimeWarning: GaussianTransform: retained Fock norm 0.99999888; test a larger cutoff
  self._gate((u, v), pq.GaussianTransform(passive=passive, active=active))
D:\Research\QML\results_1\cvqc\thesis_part_2\softwares\PhotoGraphiQ\src\photographiq\backends\fock.py:465: RuntimeWarning: GaussianTransform: retained Fock norm 0.99999842; test a larger cutoff
  self._gate((u, v), pq.GaussianTransform(passive=passive, active=active))
D:\Research\QML\results_1\cvqc\thesis_part_2\softwares\PhotoGraphiQ\src\photographiq\backends\fock.py:465: RuntimeWarning: GaussianTransform: retained Fock norm 0.99999954; test a larger cutoff
  self._gate((u, v), pq.GaussianTransform(passive=passive, active=active))
D:\Research\QML\results_1\cvqc\thesis_part_2\softwares\PhotoGraphiQ\src\photographiq\backends\fock.py:465: RuntimeWarning: GaussianTransform: retained Fock norm 0.99999937; test a larger cutoff
  self._gate((u, v), pq.GaussianTransform(passive=passive, active=active))
D:\Research\QML\results_1\cvqc\thesis_part_2\softwares\PhotoGraphiQ\src\photographiq\backends\fock.py:465: RuntimeWarning: GaussianTransform: retained Fock norm 0.99999342; test a larger cutoff
  self._gate((u, v), pq.GaussianTransform(passive=passive, active=active))
D:\Research\QML\results_1\cvqc\thesis_part_2\softwares\PhotoGraphiQ\src\photographiq\backends\fock.py:465: RuntimeWarning: GaussianTransform: retained Fock norm 0.99999986; test a larger cutoff
  self._gate((u, v), pq.GaussianTransform(passive=passive, active=active))
D:\Research\QML\results_1\cvqc\thesis_part_2\softwares\PhotoGraphiQ\src\photographiq\backends\fock.py:465: RuntimeWarning: GaussianTransform: retained Fock norm 0.99999874; test a larger cutoff
  self._gate((u, v), pq.GaussianTransform(passive=passive, active=active))
D:\Research\QML\results_1\cvqc\thesis_part_2\softwares\PhotoGraphiQ\src\photographiq\backends\fock.py:465: RuntimeWarning: GaussianTransform: retained Fock norm 0.9999998; test a larger cutoff
  self._gate((u, v), pq.GaussianTransform(passive=passive, active=active))
D:\Research\QML\results_1\cvqc\thesis_part_2\softwares\PhotoGraphiQ\src\photographiq\backends\fock.py:465: RuntimeWarning: GaussianTransform: retained Fock norm 0.99999815; test a larger cutoff
  self._gate((u, v), pq.GaussianTransform(passive=passive, active=active))
D:\Research\QML\results_1\cvqc\thesis_part_2\softwares\PhotoGraphiQ\src\photographiq\backends\fock.py:465: RuntimeWarning: GaussianTransform: retained Fock norm 0.99999852; test a larger cutoff
  self._gate((u, v), pq.GaussianTransform(passive=passive, active=active))
D:\Research\QML\results_1\cvqc\thesis_part_2\softwares\PhotoGraphiQ\src\photographiq\backends\fock.py:465: RuntimeWarning: GaussianTransform: retained Fock norm 0.99999998; test a larger cutoff
  self._gate((u, v), pq.GaussianTransform(passive=passive, active=active))
D:\Research\QML\results_1\cvqc\thesis_part_2\softwares\PhotoGraphiQ\src\photographiq\backends\fock.py:465: RuntimeWarning: GaussianTransform: retained Fock norm 0.99999989; test a larger cutoff
  self._gate((u, v), pq.GaussianTransform(passive=passive, active=active))
D:\Research\QML\results_1\cvqc\thesis_part_2\softwares\PhotoGraphiQ\src\photographiq\backends\fock.py:465: RuntimeWarning: GaussianTransform: retained Fock norm 0.99999958; test a larger cutoff
  self._gate((u, v), pq.GaussianTransform(passive=passive, active=active))
D:\Research\QML\results_1\cvqc\thesis_part_2\softwares\PhotoGraphiQ\src\photographiq\backends\fock.py:465: RuntimeWarning: GaussianTransform: retained Fock norm 0.99999952; test a larger cutoff
  self._gate((u, v), pq.GaussianTransform(passive=passive, active=active))
D:\Research\QML\results_1\cvqc\thesis_part_2\softwares\PhotoGraphiQ\src\photographiq\backends\fock.py:465: RuntimeWarning: GaussianTransform: retained Fock norm 0.99999116; test a larger cutoff
  self._gate((u, v), pq.GaussianTransform(passive=passive, active=active))
D:\Research\QML\results_1\cvqc\thesis_part_2\softwares\PhotoGraphiQ\src\photographiq\backends\fock.py:465: RuntimeWarning: GaussianTransform: retained Fock norm 0.9999993; test a larger cutoff
  self._gate((u, v), pq.GaussianTransform(passive=passive, active=active))
D:\Research\QML\results_1\cvqc\thesis_part_2\softwares\PhotoGraphiQ\src\photographiq\backends\fock.py:465: RuntimeWarning: GaussianTransform: retained Fock norm 0.99999902; test a larger cutoff
  self._gate((u, v), pq.GaussianTransform(passive=passive, active=active))
D:\Research\QML\results_1\cvqc\thesis_part_2\softwares\PhotoGraphiQ\src\photographiq\backends\fock.py:465: RuntimeWarning: GaussianTransform: retained Fock norm 0.99999699; test a larger cutoff
  self._gate((u, v), pq.GaussianTransform(passive=passive, active=active))
D:\Research\QML\results_1\cvqc\thesis_part_2\softwares\PhotoGraphiQ\src\photographiq\backends\fock.py:465: RuntimeWarning: GaussianTransform: retained Fock norm 0.99999822; test a larger cutoff
  self._gate((u, v), pq.GaussianTransform(passive=passive, active=active))
D:\Research\QML\results_1\cvqc\thesis_part_2\softwares\PhotoGraphiQ\src\photographiq\backends\fock.py:465: RuntimeWarning: GaussianTransform: retained Fock norm 0.99999963; test a larger cutoff
  self._gate((u, v), pq.GaussianTransform(passive=passive, active=active))
D:\Research\QML\results_1\cvqc\thesis_part_2\softwares\PhotoGraphiQ\src\photographiq\backends\fock.py:465: RuntimeWarning: GaussianTransform: retained Fock norm 0.99999918; test a larger cutoff
  self._gate((u, v), pq.GaussianTransform(passive=passive, active=active))
D:\Research\QML\results_1\cvqc\thesis_part_2\softwares\PhotoGraphiQ\src\photographiq\backends\fock.py:465: RuntimeWarning: GaussianTransform: retained Fock norm 0.99996768; test a larger cutoff
  self._gate((u, v), pq.GaussianTransform(passive=passive, active=active))
D:\Research\QML\results_1\cvqc\thesis_part_2\softwares\PhotoGraphiQ\src\photographiq\backends\fock.py:465: RuntimeWarning: GaussianTransform: retained Fock norm 0.99999961; test a larger cutoff
  self._gate((u, v), pq.GaussianTransform(passive=passive, active=active))
D:\Research\QML\results_1\cvqc\thesis_part_2\softwares\PhotoGraphiQ\src\photographiq\backends\fock.py:465: RuntimeWarning: GaussianTransform: retained Fock norm 0.99999991; test a larger cutoff
  self._gate((u, v), pq.GaussianTransform(passive=passive, active=active))
D:\Research\QML\results_1\cvqc\thesis_part_2\softwares\PhotoGraphiQ\src\photographiq\backends\fock.py:465: RuntimeWarning: GaussianTransform: retained Fock norm 0.99999898; test a larger cutoff
  self._gate((u, v), pq.GaussianTransform(passive=passive, active=active))
D:\Research\QML\results_1\cvqc\thesis_part_2\softwares\PhotoGraphiQ\src\photographiq\backends\fock.py:465: RuntimeWarning: GaussianTransform: retained Fock norm 0.99999923; test a larger cutoff
  self._gate((u, v), pq.GaussianTransform(passive=passive, active=active))
D:\Research\QML\results_1\cvqc\thesis_part_2\softwares\PhotoGraphiQ\src\photographiq\backends\fock.py:465: RuntimeWarning: GaussianTransform: retained Fock norm 0.99999948; test a larger cutoff
  self._gate((u, v), pq.GaussianTransform(passive=passive, active=active))
D:\Research\QML\results_1\cvqc\thesis_part_2\softwares\PhotoGraphiQ\src\photographiq\backends\fock.py:465: RuntimeWarning: GaussianTransform: retained Fock norm 0.99999186; test a larger cutoff
  self._gate((u, v), pq.GaussianTransform(passive=passive, active=active))
D:\Research\QML\results_1\cvqc\thesis_part_2\softwares\PhotoGraphiQ\src\photographiq\backends\fock.py:465: RuntimeWarning: GaussianTransform: retained Fock norm 0.99999929; test a larger cutoff
  self._gate((u, v), pq.GaussianTransform(passive=passive, active=active))
D:\Research\QML\results_1\cvqc\thesis_part_2\softwares\PhotoGraphiQ\src\photographiq\backends\fock.py:465: RuntimeWarning: GaussianTransform: retained Fock norm 0.99999972; test a larger cutoff
  self._gate((u, v), pq.GaussianTransform(passive=passive, active=active))
D:\Research\QML\results_1\cvqc\thesis_part_2\softwares\PhotoGraphiQ\src\photographiq\backends\fock.py:465: RuntimeWarning: GaussianTransform: retained Fock norm 0.99999894; test a larger cutoff
  self._gate((u, v), pq.GaussianTransform(passive=passive, active=active))
D:\Research\QML\results_1\cvqc\thesis_part_2\softwares\PhotoGraphiQ\src\photographiq\backends\fock.py:465: RuntimeWarning: GaussianTransform: retained Fock norm 0.99999886; test a larger cutoff
  self._gate((u, v), pq.GaussianTransform(passive=passive, active=active))
D:\Research\QML\results_1\cvqc\thesis_part_2\softwares\PhotoGraphiQ\src\photographiq\backends\fock.py:465: RuntimeWarning: GaussianTransform: retained Fock norm 0.99999965; test a larger cutoff
  self._gate((u, v), pq.GaussianTransform(passive=passive, active=active))
D:\Research\QML\results_1\cvqc\thesis_part_2\softwares\PhotoGraphiQ\src\photographiq\backends\fock.py:465: RuntimeWarning: GaussianTransform: retained Fock norm 0.99999944; test a larger cutoff
  self._gate((u, v), pq.GaussianTransform(passive=passive, active=active))
D:\Research\QML\results_1\cvqc\thesis_part_2\softwares\PhotoGraphiQ\src\photographiq\backends\fock.py:465: RuntimeWarning: GaussianTransform: retained Fock norm 0.99998937; test a larger cutoff
  self._gate((u, v), pq.GaussianTransform(passive=passive, active=active))
D:\Research\QML\results_1\cvqc\thesis_part_2\softwares\PhotoGraphiQ\src\photographiq\backends\fock.py:465: RuntimeWarning: GaussianTransform: retained Fock norm 0.99998672; test a larger cutoff
  self._gate((u, v), pq.GaussianTransform(passive=passive, active=active))
D:\Research\QML\results_1\cvqc\thesis_part_2\softwares\PhotoGraphiQ\src\photographiq\backends\fock.py:465: RuntimeWarning: GaussianTransform: retained Fock norm 0.99999882; test a larger cutoff
  self._gate((u, v), pq.GaussianTransform(passive=passive, active=active))
D:\Research\QML\results_1\cvqc\thesis_part_2\softwares\PhotoGraphiQ\src\photographiq\backends\fock.py:465: RuntimeWarning: GaussianTransform: retained Fock norm 0.99999945; test a larger cutoff
  self._gate((u, v), pq.GaussianTransform(passive=passive, active=active))
D:\Research\QML\results_1\cvqc\thesis_part_2\softwares\PhotoGraphiQ\src\photographiq\backends\fock.py:465: RuntimeWarning: GaussianTransform: retained Fock norm 0.99999934; test a larger cutoff
  self._gate((u, v), pq.GaussianTransform(passive=passive, active=active))
D:\Research\QML\results_1\cvqc\thesis_part_2\softwares\PhotoGraphiQ\src\photographiq\backends\fock.py:465: RuntimeWarning: GaussianTransform: retained Fock norm 0.99998175; test a larger cutoff
  self._gate((u, v), pq.GaussianTransform(passive=passive, active=active))
D:\Research\QML\results_1\cvqc\thesis_part_2\softwares\PhotoGraphiQ\src\photographiq\backends\fock.py:465: RuntimeWarning: GaussianTransform: retained Fock norm 0.99999926; test a larger cutoff
  self._gate((u, v), pq.GaussianTransform(passive=passive, active=active))
D:\Research\QML\results_1\cvqc\thesis_part_2\softwares\PhotoGraphiQ\src\photographiq\backends\fock.py:465: RuntimeWarning: GaussianTransform: retained Fock norm 0.99999979; test a larger cutoff
  self._gate((u, v), pq.GaussianTransform(passive=passive, active=active))
D:\Research\QML\results_1\cvqc\thesis_part_2\softwares\PhotoGraphiQ\src\photographiq\backends\fock.py:465: RuntimeWarning: GaussianTransform: retained Fock norm 0.99999967; test a larger cutoff
  self._gate((u, v), pq.GaussianTransform(passive=passive, active=active))
D:\Research\QML\results_1\cvqc\thesis_part_2\softwares\PhotoGraphiQ\src\photographiq\backends\fock.py:465: RuntimeWarning: GaussianTransform: retained Fock norm 0.99999982; test a larger cutoff
  self._gate((u, v), pq.GaussianTransform(passive=passive, active=active))
D:\Research\QML\results_1\cvqc\thesis_part_2\softwares\PhotoGraphiQ\src\photographiq\backends\fock.py:465: RuntimeWarning: GaussianTransform: retained Fock norm 0.99999968; test a larger cutoff
  self._gate((u, v), pq.GaussianTransform(passive=passive, active=active))
D:\Research\QML\results_1\cvqc\thesis_part_2\softwares\PhotoGraphiQ\src\photographiq\backends\fock.py:465: RuntimeWarning: GaussianTransform: retained Fock norm 0.99999974; test a larger cutoff
  self._gate((u, v), pq.GaussianTransform(passive=passive, active=active))
D:\Research\QML\results_1\cvqc\thesis_part_2\softwares\PhotoGraphiQ\src\photographiq\backends\fock.py:465: RuntimeWarning: GaussianTransform: retained Fock norm 0.99999719; test a larger cutoff
  self._gate((u, v), pq.GaussianTransform(passive=passive, active=active))
D:\Research\QML\results_1\cvqc\thesis_part_2\softwares\PhotoGraphiQ\src\photographiq\backends\fock.py:465: RuntimeWarning: GaussianTransform: retained Fock norm 0.99999113; test a larger cutoff
  self._gate((u, v), pq.GaussianTransform(passive=passive, active=active))
D:\Research\QML\results_1\cvqc\thesis_part_2\softwares\PhotoGraphiQ\src\photographiq\backends\fock.py:465: RuntimeWarning: GaussianTransform: retained Fock norm 0.99999919; test a larger cutoff
  self._gate((u, v), pq.GaussianTransform(passive=passive, active=active))
D:\Research\QML\results_1\cvqc\thesis_part_2\softwares\PhotoGraphiQ\src\photographiq\backends\fock.py:465: RuntimeWarning: GaussianTransform: retained Fock norm 0.99989071; test a larger cutoff
  self._gate((u, v), pq.GaussianTransform(passive=passive, active=active))
D:\Research\QML\results_1\cvqc\thesis_part_2\softwares\PhotoGraphiQ\src\photographiq\backends\fock.py:465: RuntimeWarning: GaussianTransform: retained Fock norm 0.99999737; test a larger cutoff
  self._gate((u, v), pq.GaussianTransform(passive=passive, active=active))
D:\Research\QML\results_1\cvqc\thesis_part_2\softwares\PhotoGraphiQ\src\photographiq\backends\fock.py:465: RuntimeWarning: GaussianTransform: retained Fock norm 0.99999953; test a larger cutoff
  self._gate((u, v), pq.GaussianTransform(passive=passive, active=active))
D:\Research\QML\results_1\cvqc\thesis_part_2\softwares\PhotoGraphiQ\src\photographiq\backends\fock.py:465: RuntimeWarning: GaussianTransform: retained Fock norm 0.99999964; test a larger cutoff
  self._gate((u, v), pq.GaussianTransform(passive=passive, active=active))
D:\Research\QML\results_1\cvqc\thesis_part_2\softwares\PhotoGraphiQ\src\photographiq\backends\fock.py:465: RuntimeWarning: GaussianTransform: retained Fock norm 0.99999773; test a larger cutoff
  self._gate((u, v), pq.GaussianTransform(passive=passive, active=active))
D:\Research\QML\results_1\cvqc\thesis_part_2\softwares\PhotoGraphiQ\src\photographiq\backends\fock.py:465: RuntimeWarning: GaussianTransform: retained Fock norm 0.99999971; test a larger cutoff
  self._gate((u, v), pq.GaussianTransform(passive=passive, active=active))
D:\Research\QML\results_1\cvqc\thesis_part_2\softwares\PhotoGraphiQ\src\photographiq\backends\fock.py:465: RuntimeWarning: GaussianTransform: retained Fock norm 0.99999908; test a larger cutoff
  self._gate((u, v), pq.GaussianTransform(passive=passive, active=active))
D:\Research\QML\results_1\cvqc\thesis_part_2\softwares\PhotoGraphiQ\src\photographiq\backends\fock.py:465: RuntimeWarning: GaussianTransform: retained Fock norm 0.99999957; test a larger cutoff
  self._gate((u, v), pq.GaussianTransform(passive=passive, active=active))
D:\Research\QML\results_1\cvqc\thesis_part_2\softwares\PhotoGraphiQ\src\photographiq\backends\fock.py:465: RuntimeWarning: GaussianTransform: retained Fock norm 0.99997083; test a larger cutoff
  self._gate((u, v), pq.GaussianTransform(passive=passive, active=active))
D:\Research\QML\results_1\cvqc\thesis_part_2\softwares\PhotoGraphiQ\src\photographiq\backends\fock.py:465: RuntimeWarning: GaussianTransform: retained Fock norm 0.99999751; test a larger cutoff
  self._gate((u, v), pq.GaussianTransform(passive=passive, active=active))
D:\Research\QML\results_1\cvqc\thesis_part_2\softwares\PhotoGraphiQ\src\photographiq\backends\fock.py:465: RuntimeWarning: GaussianTransform: retained Fock norm 0.99999977; test a larger cutoff
  self._gate((u, v), pq.GaussianTransform(passive=passive, active=active))
D:\Research\QML\results_1\cvqc\thesis_part_2\softwares\PhotoGraphiQ\src\photographiq\backends\fock.py:465: RuntimeWarning: GaussianTransform: retained Fock norm 0.99999713; test a larger cutoff
  self._gate((u, v), pq.GaussianTransform(passive=passive, active=active))
D:\Research\QML\results_1\cvqc\thesis_part_2\softwares\PhotoGraphiQ\src\photographiq\backends\fock.py:465: RuntimeWarning: GaussianTransform: retained Fock norm 0.99999905; test a larger cutoff
  self._gate((u, v), pq.GaussianTransform(passive=passive, active=active))
D:\Research\QML\results_1\cvqc\thesis_part_2\softwares\PhotoGraphiQ\src\photographiq\backends\fock.py:465: RuntimeWarning: GaussianTransform: retained Fock norm 0.99999729; test a larger cutoff
  self._gate((u, v), pq.GaussianTransform(passive=passive, active=active))
D:\Research\QML\results_1\cvqc\thesis_part_2\softwares\PhotoGraphiQ\src\photographiq\backends\fock.py:465: RuntimeWarning: GaussianTransform: retained Fock norm 0.99999976; test a larger cutoff
  self._gate((u, v), pq.GaussianTransform(passive=passive, active=active))
D:\Research\QML\results_1\cvqc\thesis_part_2\softwares\PhotoGraphiQ\src\photographiq\backends\fock.py:465: RuntimeWarning: GaussianTransform: retained Fock norm 0.99999531; test a larger cutoff
  self._gate((u, v), pq.GaussianTransform(passive=passive, active=active))
D:\Research\QML\results_1\cvqc\thesis_part_2\softwares\PhotoGraphiQ\src\photographiq\backends\fock.py:465: RuntimeWarning: GaussianTransform: retained Fock norm 0.99999653; test a larger cutoff
  self._gate((u, v), pq.GaussianTransform(passive=passive, active=active))
D:\Research\QML\results_1\cvqc\thesis_part_2\softwares\PhotoGraphiQ\src\photographiq\backends\fock.py:465: RuntimeWarning: GaussianTransform: retained Fock norm 0.99999827; test a larger cutoff
  self._gate((u, v), pq.GaussianTransform(passive=passive, active=active))
D:\Research\QML\results_1\cvqc\thesis_part_2\softwares\PhotoGraphiQ\src\photographiq\backends\fock.py:465: RuntimeWarning: GaussianTransform: retained Fock norm 0.99999378; test a larger cutoff
  self._gate((u, v), pq.GaussianTransform(passive=passive, active=active))
D:\Research\QML\results_1\cvqc\thesis_part_2\softwares\PhotoGraphiQ\src\photographiq\backends\fock.py:465: RuntimeWarning: GaussianTransform: retained Fock norm 0.99999754; test a larger cutoff
  self._gate((u, v), pq.GaussianTransform(passive=passive, active=active))
D:\Research\QML\results_1\cvqc\thesis_part_2\softwares\PhotoGraphiQ\src\photographiq\backends\fock.py:465: RuntimeWarning: GaussianTransform: retained Fock norm 0.99999517; test a larger cutoff
  self._gate((u, v), pq.GaussianTransform(passive=passive, active=active))
D:\Research\QML\results_1\cvqc\thesis_part_2\softwares\PhotoGraphiQ\src\photographiq\backends\fock.py:465: RuntimeWarning: GaussianTransform: retained Fock norm 0.99999924; test a larger cutoff
  self._gate((u, v), pq.GaussianTransform(passive=passive, active=active))
D:\Research\QML\results_1\cvqc\thesis_part_2\softwares\PhotoGraphiQ\src\photographiq\backends\fock.py:465: RuntimeWarning: GaussianTransform: retained Fock norm 0.99994755; test a larger cutoff
  self._gate((u, v), pq.GaussianTransform(passive=passive, active=active))
D:\Research\QML\results_1\cvqc\thesis_part_2\softwares\PhotoGraphiQ\src\photographiq\backends\fock.py:465: RuntimeWarning: GaussianTransform: retained Fock norm 0.99995412; test a larger cutoff
  self._gate((u, v), pq.GaussianTransform(passive=passive, active=active))
D:\Research\QML\results_1\cvqc\thesis_part_2\softwares\PhotoGraphiQ\src\photographiq\backends\fock.py:465: RuntimeWarning: GaussianTransform: retained Fock norm 0.99998682; test a larger cutoff
  self._gate((u, v), pq.GaussianTransform(passive=passive, active=active))
D:\Research\QML\results_1\cvqc\thesis_part_2\softwares\PhotoGraphiQ\src\photographiq\backends\fock.py:465: RuntimeWarning: GaussianTransform: retained Fock norm 0.99999814; test a larger cutoff
  self._gate((u, v), pq.GaussianTransform(passive=passive, active=active))
D:\Research\QML\results_1\cvqc\thesis_part_2\softwares\PhotoGraphiQ\src\photographiq\backends\fock.py:465: RuntimeWarning: GaussianTransform: retained Fock norm 0.99999412; test a larger cutoff
  self._gate((u, v), pq.GaussianTransform(passive=passive, active=active))
D:\Research\QML\results_1\cvqc\thesis_part_2\softwares\PhotoGraphiQ\src\photographiq\backends\fock.py:465: RuntimeWarning: GaussianTransform: retained Fock norm 0.99999356; test a larger cutoff
  self._gate((u, v), pq.GaussianTransform(passive=passive, active=active))
D:\Research\QML\results_1\cvqc\thesis_part_2\softwares\PhotoGraphiQ\src\photographiq\backends\fock.py:465: RuntimeWarning: GaussianTransform: retained Fock norm 0.99999885; test a larger cutoff
  self._gate((u, v), pq.GaussianTransform(passive=passive, active=active))
D:\Research\QML\results_1\cvqc\thesis_part_2\softwares\PhotoGraphiQ\src\photographiq\backends\fock.py:465: RuntimeWarning: GaussianTransform: retained Fock norm 0.9999694; test a larger cutoff
  self._gate((u, v), pq.GaussianTransform(passive=passive, active=active))
D:\Research\QML\results_1\cvqc\thesis_part_2\softwares\PhotoGraphiQ\src\photographiq\backends\fock.py:465: RuntimeWarning: GaussianTransform: retained Fock norm 0.99999745; test a larger cutoff
  self._gate((u, v), pq.GaussianTransform(passive=passive, active=active))
D:\Research\QML\results_1\cvqc\thesis_part_2\softwares\PhotoGraphiQ\src\photographiq\backends\fock.py:465: RuntimeWarning: GaussianTransform: retained Fock norm 0.99999988; test a larger cutoff
  self._gate((u, v), pq.GaussianTransform(passive=passive, active=active))
D:\Research\QML\results_1\cvqc\thesis_part_2\softwares\PhotoGraphiQ\src\photographiq\backends\fock.py:465: RuntimeWarning: GaussianTransform: retained Fock norm 0.99999938; test a larger cutoff
  self._gate((u, v), pq.GaussianTransform(passive=passive, active=active))
D:\Research\QML\results_1\cvqc\thesis_part_2\softwares\PhotoGraphiQ\src\photographiq\backends\fock.py:465: RuntimeWarning: GaussianTransform: retained Fock norm 0.99998657; test a larger cutoff
  self._gate((u, v), pq.GaussianTransform(passive=passive, active=active))
D:\Research\QML\results_1\cvqc\thesis_part_2\softwares\PhotoGraphiQ\src\photographiq\backends\fock.py:465: RuntimeWarning: GaussianTransform: retained Fock norm 0.99999895; test a larger cutoff
  self._gate((u, v), pq.GaussianTransform(passive=passive, active=active))
D:\Research\QML\results_1\cvqc\thesis_part_2\softwares\PhotoGraphiQ\src\photographiq\backends\fock.py:465: RuntimeWarning: GaussianTransform: retained Fock norm 0.99999981; test a larger cutoff
  self._gate((u, v), pq.GaussianTransform(passive=passive, active=active))
D:\Research\QML\results_1\cvqc\thesis_part_2\softwares\PhotoGraphiQ\src\photographiq\backends\fock.py:465: RuntimeWarning: GaussianTransform: retained Fock norm 0.99999792; test a larger cutoff
  self._gate((u, v), pq.GaussianTransform(passive=passive, active=active))
D:\Research\QML\results_1\cvqc\thesis_part_2\softwares\PhotoGraphiQ\src\photographiq\backends\fock.py:465: RuntimeWarning: GaussianTransform: retained Fock norm 0.99999848; test a larger cutoff
  self._gate((u, v), pq.GaussianTransform(passive=passive, active=active))
D:\Research\QML\results_1\cvqc\thesis_part_2\softwares\PhotoGraphiQ\src\photographiq\backends\fock.py:465: RuntimeWarning: GaussianTransform: retained Fock norm 0.99999846; test a larger cutoff
  self._gate((u, v), pq.GaussianTransform(passive=passive, active=active))
D:\Research\QML\results_1\cvqc\thesis_part_2\softwares\PhotoGraphiQ\src\photographiq\backends\fock.py:465: RuntimeWarning: GaussianTransform: retained Fock norm 0.99999872; test a larger cutoff
  self._gate((u, v), pq.GaussianTransform(passive=passive, active=active))
D:\Research\QML\results_1\cvqc\thesis_part_2\softwares\PhotoGraphiQ\src\photographiq\backends\fock.py:465: RuntimeWarning: GaussianTransform: retained Fock norm 0.99999141; test a larger cutoff
  self._gate((u, v), pq.GaussianTransform(passive=passive, active=active))
D:\Research\QML\results_1\cvqc\thesis_part_2\softwares\PhotoGraphiQ\src\photographiq\backends\fock.py:465: RuntimeWarning: GaussianTransform: retained Fock norm 0.99999395; test a larger cutoff
  self._gate((u, v), pq.GaussianTransform(passive=passive, active=active))
D:\Research\QML\results_1\cvqc\thesis_part_2\softwares\PhotoGraphiQ\src\photographiq\backends\fock.py:465: RuntimeWarning: GaussianTransform: retained Fock norm 0.99999513; test a larger cutoff
  self._gate((u, v), pq.GaussianTransform(passive=passive, active=active))
D:\Research\QML\results_1\cvqc\thesis_part_2\softwares\PhotoGraphiQ\src\photographiq\backends\fock.py:465: RuntimeWarning: GaussianTransform: retained Fock norm 0.99999238; test a larger cutoff
  self._gate((u, v), pq.GaussianTransform(passive=passive, active=active))
D:\Research\QML\results_1\cvqc\thesis_part_2\softwares\PhotoGraphiQ\src\photographiq\backends\fock.py:465: RuntimeWarning: GaussianTransform: retained Fock norm 0.99999927; test a larger cutoff
  self._gate((u, v), pq.GaussianTransform(passive=passive, active=active))
D:\Research\QML\results_1\cvqc\thesis_part_2\softwares\PhotoGraphiQ\src\photographiq\backends\fock.py:465: RuntimeWarning: GaussianTransform: retained Fock norm 0.99999831; test a larger cutoff
  self._gate((u, v), pq.GaussianTransform(passive=passive, active=active))
D:\Research\QML\results_1\cvqc\thesis_part_2\softwares\PhotoGraphiQ\src\photographiq\backends\fock.py:465: RuntimeWarning: GaussianTransform: retained Fock norm 0.99990283; test a larger cutoff
  self._gate((u, v), pq.GaussianTransform(passive=passive, active=active))
D:\Research\QML\results_1\cvqc\thesis_part_2\softwares\PhotoGraphiQ\src\photographiq\backends\fock.py:465: RuntimeWarning: GaussianTransform: retained Fock norm 0.99999781; test a larger cutoff
  self._gate((u, v), pq.GaussianTransform(passive=passive, active=active))
D:\Research\QML\results_1\cvqc\thesis_part_2\softwares\PhotoGraphiQ\src\photographiq\backends\fock.py:465: RuntimeWarning: GaussianTransform: retained Fock norm 0.9999978; test a larger cutoff
  self._gate((u, v), pq.GaussianTransform(passive=passive, active=active))
D:\Research\QML\results_1\cvqc\thesis_part_2\softwares\PhotoGraphiQ\src\photographiq\backends\fock.py:465: RuntimeWarning: GaussianTransform: retained Fock norm 0.9998349; test a larger cutoff
  self._gate((u, v), pq.GaussianTransform(passive=passive, active=active))
D:\Research\QML\results_1\cvqc\thesis_part_2\softwares\PhotoGraphiQ\src\photographiq\backends\fock.py:465: RuntimeWarning: GaussianTransform: retained Fock norm 0.99997171; test a larger cutoff
  self._gate((u, v), pq.GaussianTransform(passive=passive, active=active))
D:\Research\QML\results_1\cvqc\thesis_part_2\softwares\PhotoGraphiQ\src\photographiq\backends\fock.py:465: RuntimeWarning: GaussianTransform: retained Fock norm 0.99996674; test a larger cutoff
  self._gate((u, v), pq.GaussianTransform(passive=passive, active=active))
D:\Research\QML\results_1\cvqc\thesis_part_2\softwares\PhotoGraphiQ\src\photographiq\backends\fock.py:465: RuntimeWarning: GaussianTransform: retained Fock norm 0.99994351; test a larger cutoff
  self._gate((u, v), pq.GaussianTransform(passive=passive, active=active))
D:\Research\QML\results_1\cvqc\thesis_part_2\softwares\PhotoGraphiQ\src\photographiq\backends\fock.py:465: RuntimeWarning: GaussianTransform: retained Fock norm 0.99999932; test a larger cutoff
  self._gate((u, v), pq.GaussianTransform(passive=passive, active=active))
D:\Research\QML\results_1\cvqc\thesis_part_2\softwares\PhotoGraphiQ\src\photographiq\backends\fock.py:465: RuntimeWarning: GaussianTransform: retained Fock norm 0.9999902; test a larger cutoff
  self._gate((u, v), pq.GaussianTransform(passive=passive, active=active))
D:\Research\QML\results_1\cvqc\thesis_part_2\softwares\PhotoGraphiQ\src\photographiq\backends\fock.py:465: RuntimeWarning: GaussianTransform: retained Fock norm 0.99999838; test a larger cutoff
  self._gate((u, v), pq.GaussianTransform(passive=passive, active=active))
D:\Research\QML\results_1\cvqc\thesis_part_2\softwares\PhotoGraphiQ\src\photographiq\backends\fock.py:465: RuntimeWarning: GaussianTransform: retained Fock norm 0.99998983; test a larger cutoff
  self._gate((u, v), pq.GaussianTransform(passive=passive, active=active))
D:\Research\QML\results_1\cvqc\thesis_part_2\softwares\PhotoGraphiQ\src\photographiq\backends\fock.py:465: RuntimeWarning: GaussianTransform: retained Fock norm 0.99999758; test a larger cutoff
  self._gate((u, v), pq.GaussianTransform(passive=passive, active=active))
D:\Research\QML\results_1\cvqc\thesis_part_2\softwares\PhotoGraphiQ\src\photographiq\backends\fock.py:465: RuntimeWarning: GaussianTransform: retained Fock norm 0.99996882; test a larger cutoff
  self._gate((u, v), pq.GaussianTransform(passive=passive, active=active))
D:\Research\QML\results_1\cvqc\thesis_part_2\softwares\PhotoGraphiQ\src\photographiq\backends\fock.py:465: RuntimeWarning: GaussianTransform: retained Fock norm 0.99999497; test a larger cutoff
  self._gate((u, v), pq.GaussianTransform(passive=passive, active=active))
D:\Research\QML\results_1\cvqc\thesis_part_2\softwares\PhotoGraphiQ\src\photographiq\backends\fock.py:465: RuntimeWarning: GaussianTransform: retained Fock norm 0.99999512; test a larger cutoff
  self._gate((u, v), pq.GaussianTransform(passive=passive, active=active))
D:\Research\QML\results_1\cvqc\thesis_part_2\softwares\PhotoGraphiQ\src\photographiq\backends\fock.py:465: RuntimeWarning: GaussianTransform: retained Fock norm 0.99999651; test a larger cutoff
  self._gate((u, v), pq.GaussianTransform(passive=passive, active=active))
D:\Research\QML\results_1\cvqc\thesis_part_2\softwares\PhotoGraphiQ\src\photographiq\backends\fock.py:465: RuntimeWarning: GaussianTransform: retained Fock norm 0.99999943; test a larger cutoff
  self._gate((u, v), pq.GaussianTransform(passive=passive, active=active))
D:\Research\QML\results_1\cvqc\thesis_part_2\softwares\PhotoGraphiQ\src\photographiq\backends\fock.py:465: RuntimeWarning: GaussianTransform: retained Fock norm 0.99998864; test a larger cutoff
  self._gate((u, v), pq.GaussianTransform(passive=passive, active=active))
D:\Research\QML\results_1\cvqc\thesis_part_2\softwares\PhotoGraphiQ\src\photographiq\backends\fock.py:465: RuntimeWarning: GaussianTransform: retained Fock norm 0.99999794; test a larger cutoff
  self._gate((u, v), pq.GaussianTransform(passive=passive, active=active))
D:\Research\QML\results_1\cvqc\thesis_part_2\softwares\PhotoGraphiQ\src\photographiq\backends\fock.py:465: RuntimeWarning: GaussianTransform: retained Fock norm 0.9999795; test a larger cutoff
  self._gate((u, v), pq.GaussianTransform(passive=passive, active=active))
D:\Research\QML\results_1\cvqc\thesis_part_2\softwares\PhotoGraphiQ\src\photographiq\backends\fock.py:465: RuntimeWarning: GaussianTransform: retained Fock norm 0.99999984; test a larger cutoff
  self._gate((u, v), pq.GaussianTransform(passive=passive, active=active))
D:\Research\QML\results_1\cvqc\thesis_part_2\softwares\PhotoGraphiQ\src\photographiq\backends\fock.py:465: RuntimeWarning: GaussianTransform: retained Fock norm 0.99999881; test a larger cutoff
  self._gate((u, v), pq.GaussianTransform(passive=passive, active=active))
D:\Research\QML\results_1\cvqc\thesis_part_2\softwares\PhotoGraphiQ\src\photographiq\backends\fock.py:465: RuntimeWarning: GaussianTransform: retained Fock norm 0.99998638; test a larger cutoff
  self._gate((u, v), pq.GaussianTransform(passive=passive, active=active))
D:\Research\QML\results_1\cvqc\thesis_part_2\softwares\PhotoGraphiQ\src\photographiq\backends\fock.py:465: RuntimeWarning: GaussianTransform: retained Fock norm 0.99999866; test a larger cutoff
  self._gate((u, v), pq.GaussianTransform(passive=passive, active=active))
D:\Research\QML\results_1\cvqc\thesis_part_2\softwares\PhotoGraphiQ\src\photographiq\backends\fock.py:465: RuntimeWarning: GaussianTransform: retained Fock norm 0.99999662; test a larger cutoff
  self._gate((u, v), pq.GaussianTransform(passive=passive, active=active))
D:\Research\QML\results_1\cvqc\thesis_part_2\softwares\PhotoGraphiQ\src\photographiq\backends\fock.py:465: RuntimeWarning: GaussianTransform: retained Fock norm 0.99999819; test a larger cutoff
  self._gate((u, v), pq.GaussianTransform(passive=passive, active=active))
D:\Research\QML\results_1\cvqc\thesis_part_2\softwares\PhotoGraphiQ\src\photographiq\backends\fock.py:465: RuntimeWarning: GaussianTransform: retained Fock norm 0.99999839; test a larger cutoff
  self._gate((u, v), pq.GaussianTransform(passive=passive, active=active))
D:\Research\QML\results_1\cvqc\thesis_part_2\softwares\PhotoGraphiQ\src\photographiq\backends\fock.py:465: RuntimeWarning: GaussianTransform: retained Fock norm 0.99999586; test a larger cutoff
  self._gate((u, v), pq.GaussianTransform(passive=passive, active=active))
D:\Research\QML\results_1\cvqc\thesis_part_2\softwares\PhotoGraphiQ\src\photographiq\backends\fock.py:465: RuntimeWarning: GaussianTransform: retained Fock norm 0.9999991; test a larger cutoff
  self._gate((u, v), pq.GaussianTransform(passive=passive, active=active))
D:\Research\QML\results_1\cvqc\thesis_part_2\softwares\PhotoGraphiQ\src\photographiq\backends\fock.py:465: RuntimeWarning: GaussianTransform: retained Fock norm 0.99997444; test a larger cutoff
  self._gate((u, v), pq.GaussianTransform(passive=passive, active=active))
D:\Research\QML\results_1\cvqc\thesis_part_2\softwares\PhotoGraphiQ\src\photographiq\backends\fock.py:465: RuntimeWarning: GaussianTransform: retained Fock norm 0.99999876; test a larger cutoff
  self._gate((u, v), pq.GaussianTransform(passive=passive, active=active))
D:\Research\QML\results_1\cvqc\thesis_part_2\softwares\PhotoGraphiQ\src\photographiq\backends\fock.py:465: RuntimeWarning: GaussianTransform: retained Fock norm 0.99999443; test a larger cutoff
  self._gate((u, v), pq.GaussianTransform(passive=passive, active=active))
D:\Research\QML\results_1\cvqc\thesis_part_2\softwares\PhotoGraphiQ\src\photographiq\backends\fock.py:465: RuntimeWarning: GaussianTransform: retained Fock norm 0.99999896; test a larger cutoff
  self._gate((u, v), pq.GaussianTransform(passive=passive, active=active))
D:\Research\QML\results_1\cvqc\thesis_part_2\softwares\PhotoGraphiQ\src\photographiq\backends\fock.py:465: RuntimeWarning: GaussianTransform: retained Fock norm 0.99999939; test a larger cutoff
  self._gate((u, v), pq.GaussianTransform(passive=passive, active=active))
D:\Research\QML\results_1\cvqc\thesis_part_2\softwares\PhotoGraphiQ\src\photographiq\backends\fock.py:465: RuntimeWarning: GaussianTransform: retained Fock norm 0.9999995; test a larger cutoff
  self._gate((u, v), pq.GaussianTransform(passive=passive, active=active))
D:\Research\QML\results_1\cvqc\thesis_part_2\softwares\PhotoGraphiQ\src\photographiq\backends\fock.py:465: RuntimeWarning: GaussianTransform: retained Fock norm 0.99999962; test a larger cutoff
  self._gate((u, v), pq.GaussianTransform(passive=passive, active=active))
D:\Research\QML\results_1\cvqc\thesis_part_2\softwares\PhotoGraphiQ\src\photographiq\backends\fock.py:465: RuntimeWarning: GaussianTransform: retained Fock norm 0.99999946; test a larger cutoff
  self._gate((u, v), pq.GaussianTransform(passive=passive, active=active))
D:\Research\QML\results_1\cvqc\thesis_part_2\softwares\PhotoGraphiQ\src\photographiq\backends\fock.py:465: RuntimeWarning: GaussianTransform: retained Fock norm 0.99999458; test a larger cutoff
  self._gate((u, v), pq.GaussianTransform(passive=passive, active=active))
D:\Research\QML\results_1\cvqc\thesis_part_2\softwares\PhotoGraphiQ\src\photographiq\backends\fock.py:465: RuntimeWarning: GaussianTransform: retained Fock norm 0.99999899; test a larger cutoff
  self._gate((u, v), pq.GaussianTransform(passive=passive, active=active))
D:\Research\QML\results_1\cvqc\thesis_part_2\softwares\PhotoGraphiQ\src\photographiq\backends\fock.py:465: RuntimeWarning: GaussianTransform: retained Fock norm 0.99999949; test a larger cutoff
  self._gate((u, v), pq.GaussianTransform(passive=passive, active=active))
D:\Research\QML\results_1\cvqc\thesis_part_2\softwares\PhotoGraphiQ\src\photographiq\backends\fock.py:465: RuntimeWarning: GaussianTransform: retained Fock norm 0.99999809; test a larger cutoff
  self._gate((u, v), pq.GaussianTransform(passive=passive, active=active))
D:\Research\QML\results_1\cvqc\thesis_part_2\softwares\PhotoGraphiQ\src\photographiq\backends\fock.py:465: RuntimeWarning: GaussianTransform: retained Fock norm 0.99989225; test a larger cutoff
  self._gate((u, v), pq.GaussianTransform(passive=passive, active=active))
D:\Research\QML\results_1\cvqc\thesis_part_2\softwares\PhotoGraphiQ\src\photographiq\backends\fock.py:465: RuntimeWarning: GaussianTransform: retained Fock norm 0.99998036; test a larger cutoff
  self._gate((u, v), pq.GaussianTransform(passive=passive, active=active))
D:\Research\QML\results_1\cvqc\thesis_part_2\softwares\PhotoGraphiQ\src\photographiq\backends\fock.py:465: RuntimeWarning: GaussianTransform: retained Fock norm 0.99998647; test a larger cutoff
  self._gate((u, v), pq.GaussianTransform(passive=passive, active=active))
D:\Research\QML\results_1\cvqc\thesis_part_2\softwares\PhotoGraphiQ\src\photographiq\backends\fock.py:465: RuntimeWarning: GaussianTransform: retained Fock norm 0.99999797; test a larger cutoff
  self._gate((u, v), pq.GaussianTransform(passive=passive, active=active))
D:\Research\QML\results_1\cvqc\thesis_part_2\softwares\PhotoGraphiQ\src\photographiq\backends\fock.py:465: RuntimeWarning: GaussianTransform: retained Fock norm 0.99999829; test a larger cutoff
  self._gate((u, v), pq.GaussianTransform(passive=passive, active=active))
D:\Research\QML\results_1\cvqc\thesis_part_2\softwares\PhotoGraphiQ\src\photographiq\backends\fock.py:465: RuntimeWarning: GaussianTransform: retained Fock norm 0.99999495; test a larger cutoff
  self._gate((u, v), pq.GaussianTransform(passive=passive, active=active))
D:\Research\QML\results_1\cvqc\thesis_part_2\softwares\PhotoGraphiQ\src\photographiq\backends\fock.py:465: RuntimeWarning: GaussianTransform: retained Fock norm 0.99999935; test a larger cutoff
  self._gate((u, v), pq.GaussianTransform(passive=passive, active=active))
D:\Research\QML\results_1\cvqc\thesis_part_2\softwares\PhotoGraphiQ\src\photographiq\backends\fock.py:465: RuntimeWarning: GaussianTransform: retained Fock norm 0.99999374; test a larger cutoff
  self._gate((u, v), pq.GaussianTransform(passive=passive, active=active))
D:\Research\QML\results_1\cvqc\thesis_part_2\softwares\PhotoGraphiQ\src\photographiq\backends\fock.py:465: RuntimeWarning: GaussianTransform: retained Fock norm 0.99999851; test a larger cutoff
  self._gate((u, v), pq.GaussianTransform(passive=passive, active=active))
D:\Research\QML\results_1\cvqc\thesis_part_2\softwares\PhotoGraphiQ\src\photographiq\backends\fock.py:465: RuntimeWarning: GaussianTransform: retained Fock norm 0.99999983; test a larger cutoff
  self._gate((u, v), pq.GaussianTransform(passive=passive, active=active))
D:\Research\QML\results_1\cvqc\thesis_part_2\softwares\PhotoGraphiQ\src\photographiq\backends\fock.py:465: RuntimeWarning: GaussianTransform: retained Fock norm 0.99999883; test a larger cutoff
  self._gate((u, v), pq.GaussianTransform(passive=passive, active=active))
D:\Research\QML\results_1\cvqc\thesis_part_2\softwares\PhotoGraphiQ\src\photographiq\backends\fock.py:465: RuntimeWarning: GaussianTransform: retained Fock norm 0.99997198; test a larger cutoff
  self._gate((u, v), pq.GaussianTransform(passive=passive, active=active))
D:\Research\QML\results_1\cvqc\thesis_part_2\softwares\PhotoGraphiQ\src\photographiq\backends\fock.py:465: RuntimeWarning: GaussianTransform: retained Fock norm 0.999994; test a larger cutoff
  self._gate((u, v), pq.GaussianTransform(passive=passive, active=active))
D:\Research\QML\results_1\cvqc\thesis_part_2\softwares\PhotoGraphiQ\src\photographiq\backends\fock.py:465: RuntimeWarning: GaussianTransform: retained Fock norm 0.99999503; test a larger cutoff
  self._gate((u, v), pq.GaussianTransform(passive=passive, active=active))
D:\Research\QML\results_1\cvqc\thesis_part_2\softwares\PhotoGraphiQ\src\photographiq\backends\fock.py:465: RuntimeWarning: GaussianTransform: retained Fock norm 0.99999655; test a larger cutoff
  self._gate((u, v), pq.GaussianTransform(passive=passive, active=active))
D:\Research\QML\results_1\cvqc\thesis_part_2\softwares\PhotoGraphiQ\src\photographiq\backends\fock.py:465: RuntimeWarning: GaussianTransform: retained Fock norm 0.99999915; test a larger cutoff
  self._gate((u, v), pq.GaussianTransform(passive=passive, active=active))
D:\Research\QML\results_1\cvqc\thesis_part_2\softwares\PhotoGraphiQ\src\photographiq\backends\fock.py:465: RuntimeWarning: GaussianTransform: retained Fock norm 0.99999787; test a larger cutoff
  self._gate((u, v), pq.GaussianTransform(passive=passive, active=active))
D:\Research\QML\results_1\cvqc\thesis_part_2\softwares\PhotoGraphiQ\src\photographiq\backends\fock.py:465: RuntimeWarning: GaussianTransform: retained Fock norm 0.99999678; test a larger cutoff
  self._gate((u, v), pq.GaussianTransform(passive=passive, active=active))
D:\Research\QML\results_1\cvqc\thesis_part_2\softwares\PhotoGraphiQ\src\photographiq\backends\fock.py:465: RuntimeWarning: GaussianTransform: retained Fock norm 0.99998236; test a larger cutoff
  self._gate((u, v), pq.GaussianTransform(passive=passive, active=active))
D:\Research\QML\results_1\cvqc\thesis_part_2\softwares\PhotoGraphiQ\src\photographiq\backends\fock.py:465: RuntimeWarning: GaussianTransform: retained Fock norm 0.99998726; test a larger cutoff
  self._gate((u, v), pq.GaussianTransform(passive=passive, active=active))
D:\Research\QML\results_1\cvqc\thesis_part_2\softwares\PhotoGraphiQ\src\photographiq\backends\fock.py:465: RuntimeWarning: GaussianTransform: retained Fock norm 0.99999825; test a larger cutoff
  self._gate((u, v), pq.GaussianTransform(passive=passive, active=active))
D:\Research\QML\results_1\cvqc\thesis_part_2\softwares\PhotoGraphiQ\src\photographiq\backends\fock.py:465: RuntimeWarning: GaussianTransform: retained Fock norm 0.99999763; test a larger cutoff
  self._gate((u, v), pq.GaussianTransform(passive=passive, active=active))
D:\Research\QML\results_1\cvqc\thesis_part_2\softwares\PhotoGraphiQ\src\photographiq\backends\fock.py:465: RuntimeWarning: GaussianTransform: retained Fock norm 0.99998978; test a larger cutoff
  self._gate((u, v), pq.GaussianTransform(passive=passive, active=active))
D:\Research\QML\results_1\cvqc\thesis_part_2\softwares\PhotoGraphiQ\src\photographiq\backends\fock.py:465: RuntimeWarning: GaussianTransform: retained Fock norm 0.9999986; test a larger cutoff
  self._gate((u, v), pq.GaussianTransform(passive=passive, active=active))
D:\Research\QML\results_1\cvqc\thesis_part_2\softwares\PhotoGraphiQ\src\photographiq\backends\fock.py:465: RuntimeWarning: GaussianTransform: retained Fock norm 0.99998058; test a larger cutoff
  self._gate((u, v), pq.GaussianTransform(passive=passive, active=active))
D:\Research\QML\results_1\cvqc\thesis_part_2\softwares\PhotoGraphiQ\src\photographiq\backends\fock.py:465: RuntimeWarning: GaussianTransform: retained Fock norm 0.99999381; test a larger cutoff
  self._gate((u, v), pq.GaussianTransform(passive=passive, active=active))
D:\Research\QML\results_1\cvqc\thesis_part_2\softwares\PhotoGraphiQ\src\photographiq\backends\fock.py:465: RuntimeWarning: GaussianTransform: retained Fock norm 0.9999983; test a larger cutoff
  self._gate((u, v), pq.GaussianTransform(passive=passive, active=active))
D:\Research\QML\results_1\cvqc\thesis_part_2\softwares\PhotoGraphiQ\src\photographiq\backends\fock.py:465: RuntimeWarning: GaussianTransform: retained Fock norm 0.99999925; test a larger cutoff
  self._gate((u, v), pq.GaussianTransform(passive=passive, active=active))
D:\Research\QML\results_1\cvqc\thesis_part_2\softwares\PhotoGraphiQ\src\photographiq\backends\fock.py:465: RuntimeWarning: GaussianTransform: retained Fock norm 0.99999249; test a larger cutoff
  self._gate((u, v), pq.GaussianTransform(passive=passive, active=active))
D:\Research\QML\results_1\cvqc\thesis_part_2\softwares\PhotoGraphiQ\src\photographiq\backends\fock.py:465: RuntimeWarning: GaussianTransform: retained Fock norm 0.99999907; test a larger cutoff
  self._gate((u, v), pq.GaussianTransform(passive=passive, active=active))
D:\Research\QML\results_1\cvqc\thesis_part_2\softwares\PhotoGraphiQ\src\photographiq\backends\fock.py:465: RuntimeWarning: GaussianTransform: retained Fock norm 0.99997557; test a larger cutoff
  self._gate((u, v), pq.GaussianTransform(passive=passive, active=active))
D:\Research\QML\results_1\cvqc\thesis_part_2\softwares\PhotoGraphiQ\src\photographiq\backends\fock.py:465: RuntimeWarning: GaussianTransform: retained Fock norm 0.9999974; test a larger cutoff
  self._gate((u, v), pq.GaussianTransform(passive=passive, active=active))
D:\Research\QML\results_1\cvqc\thesis_part_2\softwares\PhotoGraphiQ\src\photographiq\backends\fock.py:465: RuntimeWarning: GaussianTransform: retained Fock norm 0.99999887; test a larger cutoff
  self._gate((u, v), pq.GaussianTransform(passive=passive, active=active))
D:\Research\QML\results_1\cvqc\thesis_part_2\softwares\PhotoGraphiQ\src\photographiq\backends\fock.py:465: RuntimeWarning: GaussianTransform: retained Fock norm 0.99999509; test a larger cutoff
  self._gate((u, v), pq.GaussianTransform(passive=passive, active=active))
D:\Research\QML\results_1\cvqc\thesis_part_2\softwares\PhotoGraphiQ\src\photographiq\backends\fock.py:465: RuntimeWarning: GaussianTransform: retained Fock norm 0.99999777; test a larger cutoff
  self._gate((u, v), pq.GaussianTransform(passive=passive, active=active))
D:\Research\QML\results_1\cvqc\thesis_part_2\softwares\PhotoGraphiQ\src\photographiq\backends\fock.py:465: RuntimeWarning: GaussianTransform: retained Fock norm 0.99999302; test a larger cutoff
  self._gate((u, v), pq.GaussianTransform(passive=passive, active=active))
D:\Research\QML\results_1\cvqc\thesis_part_2\softwares\PhotoGraphiQ\src\photographiq\backends\fock.py:465: RuntimeWarning: GaussianTransform: retained Fock norm 0.99999734; test a larger cutoff
  self._gate((u, v), pq.GaussianTransform(passive=passive, active=active))
D:\Research\QML\results_1\cvqc\thesis_part_2\softwares\PhotoGraphiQ\src\photographiq\backends\fock.py:465: RuntimeWarning: GaussianTransform: retained Fock norm 0.99999875; test a larger cutoff
  self._gate((u, v), pq.GaussianTransform(passive=passive, active=active))
D:\Research\QML\results_1\cvqc\thesis_part_2\softwares\PhotoGraphiQ\src\photographiq\backends\fock.py:465: RuntimeWarning: GaussianTransform: retained Fock norm 0.99999936; test a larger cutoff
  self._gate((u, v), pq.GaussianTransform(passive=passive, active=active))
D:\Research\QML\results_1\cvqc\thesis_part_2\softwares\PhotoGraphiQ\src\photographiq\backends\fock.py:465: RuntimeWarning: GaussianTransform: retained Fock norm 0.99998996; test a larger cutoff
  self._gate((u, v), pq.GaussianTransform(passive=passive, active=active))
D:\Research\QML\results_1\cvqc\thesis_part_2\softwares\PhotoGraphiQ\src\photographiq\backends\fock.py:465: RuntimeWarning: GaussianTransform: retained Fock norm 0.99999911; test a larger cutoff
  self._gate((u, v), pq.GaussianTransform(passive=passive, active=active))
D:\Research\QML\results_1\cvqc\thesis_part_2\softwares\PhotoGraphiQ\src\photographiq\backends\fock.py:465: RuntimeWarning: GaussianTransform: retained Fock norm 0.99999129; test a larger cutoff
  self._gate((u, v), pq.GaussianTransform(passive=passive, active=active))
D:\Research\QML\results_1\cvqc\thesis_part_2\softwares\PhotoGraphiQ\src\photographiq\backends\fock.py:465: RuntimeWarning: GaussianTransform: retained Fock norm 0.99999784; test a larger cutoff
  self._gate((u, v), pq.GaussianTransform(passive=passive, active=active))
D:\Research\QML\results_1\cvqc\thesis_part_2\softwares\PhotoGraphiQ\src\photographiq\backends\fock.py:465: RuntimeWarning: GaussianTransform: retained Fock norm 0.99999884; test a larger cutoff
  self._gate((u, v), pq.GaussianTransform(passive=passive, active=active))
D:\Research\QML\results_1\cvqc\thesis_part_2\softwares\PhotoGraphiQ\src\photographiq\backends\fock.py:465: RuntimeWarning: GaussianTransform: retained Fock norm 0.99999553; test a larger cutoff
  self._gate((u, v), pq.GaussianTransform(passive=passive, active=active))
D:\Research\QML\results_1\cvqc\thesis_part_2\softwares\PhotoGraphiQ\src\photographiq\backends\fock.py:465: RuntimeWarning: GaussianTransform: retained Fock norm 0.99999492; test a larger cutoff
  self._gate((u, v), pq.GaussianTransform(passive=passive, active=active))
D:\Research\QML\results_1\cvqc\thesis_part_2\softwares\PhotoGraphiQ\src\photographiq\backends\fock.py:465: RuntimeWarning: GaussianTransform: retained Fock norm 0.99999966; test a larger cutoff
  self._gate((u, v), pq.GaussianTransform(passive=passive, active=active))
D:\Research\QML\results_1\cvqc\thesis_part_2\softwares\PhotoGraphiQ\src\photographiq\backends\fock.py:465: RuntimeWarning: GaussianTransform: retained Fock norm 0.99999743; test a larger cutoff
  self._gate((u, v), pq.GaussianTransform(passive=passive, active=active))
D:\Research\QML\results_1\cvqc\thesis_part_2\softwares\PhotoGraphiQ\src\photographiq\backends\fock.py:465: RuntimeWarning: GaussianTransform: retained Fock norm 0.99999795; test a larger cutoff
  self._gate((u, v), pq.GaussianTransform(passive=passive, active=active))
D:\Research\QML\results_1\cvqc\thesis_part_2\softwares\PhotoGraphiQ\src\photographiq\backends\fock.py:465: RuntimeWarning: GaussianTransform: retained Fock norm 0.99999235; test a larger cutoff
  self._gate((u, v), pq.GaussianTransform(passive=passive, active=active))
D:\Research\QML\results_1\cvqc\thesis_part_2\softwares\PhotoGraphiQ\src\photographiq\backends\fock.py:465: RuntimeWarning: GaussianTransform: retained Fock norm 0.99999643; test a larger cutoff
  self._gate((u, v), pq.GaussianTransform(passive=passive, active=active))
D:\Research\QML\results_1\cvqc\thesis_part_2\softwares\PhotoGraphiQ\src\photographiq\backends\fock.py:465: RuntimeWarning: GaussianTransform: retained Fock norm 0.99999735; test a larger cutoff
  self._gate((u, v), pq.GaussianTransform(passive=passive, active=active))
D:\Research\QML\results_1\cvqc\thesis_part_2\softwares\PhotoGraphiQ\src\photographiq\backends\fock.py:465: RuntimeWarning: GaussianTransform: retained Fock norm 0.99999834; test a larger cutoff
  self._gate((u, v), pq.GaussianTransform(passive=passive, active=active))
D:\Research\QML\results_1\cvqc\thesis_part_2\softwares\PhotoGraphiQ\src\photographiq\backends\fock.py:465: RuntimeWarning: GaussianTransform: retained Fock norm 0.99999199; test a larger cutoff
  self._gate((u, v), pq.GaussianTransform(passive=passive, active=active))
D:\Research\QML\results_1\cvqc\thesis_part_2\softwares\PhotoGraphiQ\src\photographiq\backends\fock.py:465: RuntimeWarning: GaussianTransform: retained Fock norm 0.99999539; test a larger cutoff
  self._gate((u, v), pq.GaussianTransform(passive=passive, active=active))
D:\Research\QML\results_1\cvqc\thesis_part_2\softwares\PhotoGraphiQ\src\photographiq\backends\fock.py:465: RuntimeWarning: GaussianTransform: retained Fock norm 0.99999657; test a larger cutoff
  self._gate((u, v), pq.GaussianTransform(passive=passive, active=active))
D:\Research\QML\results_1\cvqc\thesis_part_2\softwares\PhotoGraphiQ\src\photographiq\backends\fock.py:465: RuntimeWarning: GaussianTransform: retained Fock norm 0.99999865; test a larger cutoff
  self._gate((u, v), pq.GaussianTransform(passive=passive, active=active))
D:\Research\QML\results_1\cvqc\thesis_part_2\softwares\PhotoGraphiQ\src\photographiq\backends\fock.py:465: RuntimeWarning: GaussianTransform: retained Fock norm 0.99999635; test a larger cutoff
  self._gate((u, v), pq.GaussianTransform(passive=passive, active=active))
D:\Research\QML\results_1\cvqc\thesis_part_2\softwares\PhotoGraphiQ\src\photographiq\backends\fock.py:465: RuntimeWarning: GaussianTransform: retained Fock norm 0.99999591; test a larger cutoff
  self._gate((u, v), pq.GaussianTransform(passive=passive, active=active))
D:\Research\QML\results_1\cvqc\thesis_part_2\softwares\PhotoGraphiQ\src\photographiq\backends\fock.py:465: RuntimeWarning: GaussianTransform: retained Fock norm 0.99999452; test a larger cutoff
  self._gate((u, v), pq.GaussianTransform(passive=passive, active=active))
D:\Research\QML\results_1\cvqc\thesis_part_2\softwares\PhotoGraphiQ\src\photographiq\backends\fock.py:465: RuntimeWarning: GaussianTransform: retained Fock norm 0.99999914; test a larger cutoff
  self._gate((u, v), pq.GaussianTransform(passive=passive, active=active))
D:\Research\QML\results_1\cvqc\thesis_part_2\softwares\PhotoGraphiQ\src\photographiq\backends\fock.py:465: RuntimeWarning: GaussianTransform: retained Fock norm 0.99999762; test a larger cutoff
  self._gate((u, v), pq.GaussianTransform(passive=passive, active=active))
D:\Research\QML\results_1\cvqc\thesis_part_2\softwares\PhotoGraphiQ\src\photographiq\backends\fock.py:465: RuntimeWarning: GaussianTransform: retained Fock norm 0.9999992; test a larger cutoff
  self._gate((u, v), pq.GaussianTransform(passive=passive, active=active))
D:\Research\QML\results_1\cvqc\thesis_part_2\softwares\PhotoGraphiQ\src\photographiq\backends\fock.py:465: RuntimeWarning: GaussianTransform: retained Fock norm 0.99999904; test a larger cutoff
  self._gate((u, v), pq.GaussianTransform(passive=passive, active=active))
D:\Research\QML\results_1\cvqc\thesis_part_2\softwares\PhotoGraphiQ\src\photographiq\backends\fock.py:465: RuntimeWarning: GaussianTransform: retained Fock norm 0.99998587; test a larger cutoff
  self._gate((u, v), pq.GaussianTransform(passive=passive, active=active))
D:\Research\QML\results_1\cvqc\thesis_part_2\softwares\PhotoGraphiQ\src\photographiq\backends\fock.py:465: RuntimeWarning: GaussianTransform: retained Fock norm 0.99999959; test a larger cutoff
  self._gate((u, v), pq.GaussianTransform(passive=passive, active=active))
D:\Research\QML\results_1\cvqc\thesis_part_2\softwares\PhotoGraphiQ\src\photographiq\backends\fock.py:465: RuntimeWarning: GaussianTransform: retained Fock norm 0.99998689; test a larger cutoff
  self._gate((u, v), pq.GaussianTransform(passive=passive, active=active))
D:\Research\QML\results_1\cvqc\thesis_part_2\softwares\PhotoGraphiQ\src\photographiq\backends\fock.py:465: RuntimeWarning: GaussianTransform: retained Fock norm 0.99997775; test a larger cutoff
  self._gate((u, v), pq.GaussianTransform(passive=passive, active=active))
D:\Research\QML\results_1\cvqc\thesis_part_2\softwares\PhotoGraphiQ\src\photographiq\backends\fock.py:465: RuntimeWarning: GaussianTransform: retained Fock norm 0.99999901; test a larger cutoff
  self._gate((u, v), pq.GaussianTransform(passive=passive, active=active))
D:\Research\QML\results_1\cvqc\thesis_part_2\softwares\PhotoGraphiQ\src\photographiq\backends\fock.py:465: RuntimeWarning: GaussianTransform: retained Fock norm 0.99999694; test a larger cutoff
  self._gate((u, v), pq.GaussianTransform(passive=passive, active=active))
D:\Research\QML\results_1\cvqc\thesis_part_2\softwares\PhotoGraphiQ\src\photographiq\backends\fock.py:465: RuntimeWarning: GaussianTransform: retained Fock norm 0.99994506; test a larger cutoff
  self._gate((u, v), pq.GaussianTransform(passive=passive, active=active))
D:\Research\QML\results_1\cvqc\thesis_part_2\softwares\PhotoGraphiQ\src\photographiq\backends\fock.py:465: RuntimeWarning: GaussianTransform: retained Fock norm 0.99999416; test a larger cutoff
  self._gate((u, v), pq.GaussianTransform(passive=passive, active=active))
D:\Research\QML\results_1\cvqc\thesis_part_2\softwares\PhotoGraphiQ\src\photographiq\backends\fock.py:465: RuntimeWarning: GaussianTransform: retained Fock norm 0.9999958; test a larger cutoff
  self._gate((u, v), pq.GaussianTransform(passive=passive, active=active))
D:\Research\QML\results_1\cvqc\thesis_part_2\softwares\PhotoGraphiQ\src\photographiq\backends\fock.py:465: RuntimeWarning: GaussianTransform: retained Fock norm 0.99998965; test a larger cutoff
  self._gate((u, v), pq.GaussianTransform(passive=passive, active=active))
D:\Research\QML\results_1\cvqc\thesis_part_2\softwares\PhotoGraphiQ\src\photographiq\backends\fock.py:465: RuntimeWarning: GaussianTransform: retained Fock norm 0.99999435; test a larger cutoff
  self._gate((u, v), pq.GaussianTransform(passive=passive, active=active))
D:\Research\QML\results_1\cvqc\thesis_part_2\softwares\PhotoGraphiQ\src\photographiq\backends\fock.py:465: RuntimeWarning: GaussianTransform: retained Fock norm 0.99998789; test a larger cutoff
  self._gate((u, v), pq.GaussianTransform(passive=passive, active=active))
D:\Research\QML\results_1\cvqc\thesis_part_2\softwares\PhotoGraphiQ\src\photographiq\backends\fock.py:465: RuntimeWarning: GaussianTransform: retained Fock norm 0.99999723; test a larger cutoff
  self._gate((u, v), pq.GaussianTransform(passive=passive, active=active))
D:\Research\QML\results_1\cvqc\thesis_part_2\softwares\PhotoGraphiQ\src\photographiq\backends\fock.py:465: RuntimeWarning: GaussianTransform: retained Fock norm 0.99999304; test a larger cutoff
  self._gate((u, v), pq.GaussianTransform(passive=passive, active=active))

