$ D:\Research\QML\results_1\cvqc\thesis_part_2\softwares\PhotoGraphiQML\.venv\Scripts\python.exe D:\Research\QML\results_1\cvqc\thesis_part_2\softwares\PhotoGraphiQML\paper_experiments\10_physical_statistics\48_physical_training_stability.py

--- stdout ---

=== R48 physical training stability ===
  instability_rate: 0.3333333333333333
  distinct_selections: 2
  status: pass


--- stderr ---
D:\Research\QML\results_1\cvqc\thesis_part_2\softwares\PhotoGraphiQ\src\photographiq\backends\fock.py:465: RuntimeWarning: GaussianTransform: retained Fock norm 0.99999997; test a larger cutoff
  self._gate((u, v), pq.GaussianTransform(passive=passive, active=active))
D:\Research\QML\results_1\cvqc\thesis_part_2\softwares\PhotoGraphiQ\src\photographiq\backends\fock.py:465: RuntimeWarning: GaussianTransform: retained Fock norm 0.99999996; test a larger cutoff
  self._gate((u, v), pq.GaussianTransform(passive=passive, active=active))
D:\Research\QML\results_1\cvqc\thesis_part_2\softwares\PhotoGraphiQ\src\photographiq\backends\fock.py:465: RuntimeWarning: GaussianTransform: retained Fock norm 0.99999688; test a larger cutoff
  self._gate((u, v), pq.GaussianTransform(passive=passive, active=active))
D:\Research\QML\results_1\cvqc\thesis_part_2\softwares\PhotoGraphiQ\src\photographiq\backends\fock.py:465: RuntimeWarning: GaussianTransform: retained Fock norm 0.99999853; test a larger cutoff
  self._gate((u, v), pq.GaussianTransform(passive=passive, active=active))
D:\Research\QML\results_1\cvqc\thesis_part_2\softwares\PhotoGraphiQ\src\photographiq\backends\fock.py:465: RuntimeWarning: GaussianTransform: retained Fock norm 0.99999994; test a larger cutoff
  self._gate((u, v), pq.GaussianTransform(passive=passive, active=active))
D:\Research\QML\results_1\cvqc\thesis_part_2\softwares\PhotoGraphiQ\src\photographiq\backends\fock.py:465: RuntimeWarning: GaussianTransform: retained Fock norm 0.99999958; test a larger cutoff
  self._gate((u, v), pq.GaussianTransform(passive=passive, active=active))
D:\Research\QML\results_1\cvqc\thesis_part_2\softwares\PhotoGraphiQ\src\photographiq\backends\fock.py:465: RuntimeWarning: GaussianTransform: retained Fock norm 0.99999552; test a larger cutoff
  self._gate((u, v), pq.GaussianTransform(passive=passive, active=active))
D:\Research\QML\results_1\cvqc\thesis_part_2\softwares\PhotoGraphiQ\src\photographiq\backends\fock.py:465: RuntimeWarning: GaussianTransform: retained Fock norm 0.99999998; test a larger cutoff
  self._gate((u, v), pq.GaussianTransform(passive=passive, active=active))
D:\Research\QML\results_1\cvqc\thesis_part_2\softwares\PhotoGraphiQ\src\photographiq\backends\fock.py:465: RuntimeWarning: GaussianTransform: retained Fock norm 0.99999995; test a larger cutoff
  self._gate((u, v), pq.GaussianTransform(passive=passive, active=active))
D:\Research\QML\results_1\cvqc\thesis_part_2\softwares\PhotoGraphiQ\src\photographiq\backends\fock.py:465: RuntimeWarning: GaussianTransform: retained Fock norm 0.9999972; test a larger cutoff
  self._gate((u, v), pq.GaussianTransform(passive=passive, active=active))
D:\Research\QML\results_1\cvqc\thesis_part_2\softwares\PhotoGraphiQ\src\photographiq\backends\fock.py:465: RuntimeWarning: GaussianTransform: retained Fock norm 0.99999857; test a larger cutoff
  self._gate((u, v), pq.GaussianTransform(passive=passive, active=active))
D:\Research\QML\results_1\cvqc\thesis_part_2\softwares\PhotoGraphiQ\src\photographiq\backends\fock.py:465: RuntimeWarning: GaussianTransform: retained Fock norm 0.99999991; test a larger cutoff
  self._gate((u, v), pq.GaussianTransform(passive=passive, active=active))
D:\Research\QML\results_1\cvqc\thesis_part_2\softwares\PhotoGraphiQ\src\photographiq\backends\fock.py:465: RuntimeWarning: GaussianTransform: retained Fock norm 0.99999964; test a larger cutoff
  self._gate((u, v), pq.GaussianTransform(passive=passive, active=active))
D:\Research\QML\results_1\cvqc\thesis_part_2\softwares\PhotoGraphiQ\src\photographiq\backends\fock.py:465: RuntimeWarning: GaussianTransform: retained Fock norm 0.99999573; test a larger cutoff
  self._gate((u, v), pq.GaussianTransform(passive=passive, active=active))
D:\Research\QML\results_1\cvqc\thesis_part_2\softwares\PhotoGraphiQ\src\photographiq\backends\fock.py:465: RuntimeWarning: GaussianTransform: retained Fock norm 0.9999999; test a larger cutoff
  self._gate((u, v), pq.GaussianTransform(passive=passive, active=active))
D:\Research\QML\results_1\cvqc\thesis_part_2\softwares\PhotoGraphiQ\src\photographiq\backends\fock.py:465: RuntimeWarning: GaussianTransform: retained Fock norm 0.9999963; test a larger cutoff
  self._gate((u, v), pq.GaussianTransform(passive=passive, active=active))
D:\Research\QML\results_1\cvqc\thesis_part_2\softwares\PhotoGraphiQ\src\photographiq\backends\fock.py:465: RuntimeWarning: GaussianTransform: retained Fock norm 0.99999911; test a larger cutoff
  self._gate((u, v), pq.GaussianTransform(passive=passive, active=active))
D:\Research\QML\results_1\cvqc\thesis_part_2\softwares\PhotoGraphiQ\src\photographiq\backends\fock.py:465: RuntimeWarning: GaussianTransform: retained Fock norm 0.99999926; test a larger cutoff
  self._gate((u, v), pq.GaussianTransform(passive=passive, active=active))
D:\Research\QML\results_1\cvqc\thesis_part_2\softwares\PhotoGraphiQ\src\photographiq\backends\fock.py:465: RuntimeWarning: GaussianTransform: retained Fock norm 0.99999881; test a larger cutoff
  self._gate((u, v), pq.GaussianTransform(passive=passive, active=active))
D:\Research\QML\results_1\cvqc\thesis_part_2\softwares\PhotoGraphiQ\src\photographiq\backends\fock.py:465: RuntimeWarning: GaussianTransform: retained Fock norm 0.99999986; test a larger cutoff
  self._gate((u, v), pq.GaussianTransform(passive=passive, active=active))
D:\Research\QML\results_1\cvqc\thesis_part_2\softwares\PhotoGraphiQ\src\photographiq\backends\fock.py:465: RuntimeWarning: GaussianTransform: retained Fock norm 0.99999874; test a larger cutoff
  self._gate((u, v), pq.GaussianTransform(passive=passive, active=active))
D:\Research\QML\results_1\cvqc\thesis_part_2\softwares\PhotoGraphiQ\src\photographiq\backends\fock.py:465: RuntimeWarning: GaussianTransform: retained Fock norm 0.99999988; test a larger cutoff
  self._gate((u, v), pq.GaussianTransform(passive=passive, active=active))
D:\Research\QML\results_1\cvqc\thesis_part_2\softwares\PhotoGraphiQ\src\photographiq\backends\fock.py:465: RuntimeWarning: GaussianTransform: retained Fock norm 0.99999546; test a larger cutoff
  self._gate((u, v), pq.GaussianTransform(passive=passive, active=active))
D:\Research\QML\results_1\cvqc\thesis_part_2\softwares\PhotoGraphiQ\src\photographiq\backends\fock.py:465: RuntimeWarning: GaussianTransform: retained Fock norm 0.99999895; test a larger cutoff
  self._gate((u, v), pq.GaussianTransform(passive=passive, active=active))
D:\Research\QML\results_1\cvqc\thesis_part_2\softwares\PhotoGraphiQ\src\photographiq\backends\fock.py:465: RuntimeWarning: GaussianTransform: retained Fock norm 0.99999921; test a larger cutoff
  self._gate((u, v), pq.GaussianTransform(passive=passive, active=active))
D:\Research\QML\results_1\cvqc\thesis_part_2\softwares\PhotoGraphiQ\src\photographiq\backends\fock.py:465: RuntimeWarning: GaussianTransform: retained Fock norm 0.99999865; test a larger cutoff
  self._gate((u, v), pq.GaussianTransform(passive=passive, active=active))
D:\Research\QML\results_1\cvqc\thesis_part_2\softwares\PhotoGraphiQ\src\photographiq\backends\fock.py:465: RuntimeWarning: GaussianTransform: retained Fock norm 0.99999977; test a larger cutoff
  self._gate((u, v), pq.GaussianTransform(passive=passive, active=active))
D:\Research\QML\results_1\cvqc\thesis_part_2\softwares\PhotoGraphiQ\src\photographiq\backends\fock.py:465: RuntimeWarning: GaussianTransform: retained Fock norm 0.99999879; test a larger cutoff
  self._gate((u, v), pq.GaussianTransform(passive=passive, active=active))
D:\Research\QML\results_1\cvqc\thesis_part_2\softwares\PhotoGraphiQ\src\photographiq\backends\fock.py:465: RuntimeWarning: GaussianTransform: retained Fock norm 0.99999904; test a larger cutoff
  self._gate((u, v), pq.GaussianTransform(passive=passive, active=active))
D:\Research\QML\results_1\cvqc\thesis_part_2\softwares\PhotoGraphiQ\src\photographiq\backends\fock.py:465: RuntimeWarning: GaussianTransform: retained Fock norm 0.99998587; test a larger cutoff
  self._gate((u, v), pq.GaussianTransform(passive=passive, active=active))
D:\Research\QML\results_1\cvqc\thesis_part_2\softwares\PhotoGraphiQ\src\photographiq\backends\fock.py:465: RuntimeWarning: GaussianTransform: retained Fock norm 0.99999943; test a larger cutoff
  self._gate((u, v), pq.GaussianTransform(passive=passive, active=active))
D:\Research\QML\results_1\cvqc\thesis_part_2\softwares\PhotoGraphiQ\src\photographiq\backends\fock.py:465: RuntimeWarning: GaussianTransform: retained Fock norm 0.99999959; test a larger cutoff
  self._gate((u, v), pq.GaussianTransform(passive=passive, active=active))
D:\Research\QML\results_1\cvqc\thesis_part_2\softwares\PhotoGraphiQ\src\photographiq\backends\fock.py:465: RuntimeWarning: GaussianTransform: retained Fock norm 0.99998689; test a larger cutoff
  self._gate((u, v), pq.GaussianTransform(passive=passive, active=active))
D:\Research\QML\results_1\cvqc\thesis_part_2\softwares\PhotoGraphiQ\src\photographiq\backends\fock.py:465: RuntimeWarning: GaussianTransform: retained Fock norm 0.99999839; test a larger cutoff
  self._gate((u, v), pq.GaussianTransform(passive=passive, active=active))
D:\Research\QML\results_1\cvqc\thesis_part_2\softwares\PhotoGraphiQ\src\photographiq\backends\fock.py:465: RuntimeWarning: GaussianTransform: retained Fock norm 0.99999778; test a larger cutoff
  self._gate((u, v), pq.GaussianTransform(passive=passive, active=active))
D:\Research\QML\results_1\cvqc\thesis_part_2\softwares\PhotoGraphiQ\src\photographiq\backends\fock.py:465: RuntimeWarning: GaussianTransform: retained Fock norm 0.99998509; test a larger cutoff
  self._gate((u, v), pq.GaussianTransform(passive=passive, active=active))
D:\Research\QML\results_1\cvqc\thesis_part_2\softwares\PhotoGraphiQ\src\photographiq\backends\fock.py:465: RuntimeWarning: GaussianTransform: retained Fock norm 0.99999942; test a larger cutoff
  self._gate((u, v), pq.GaussianTransform(passive=passive, active=active))
D:\Research\QML\results_1\cvqc\thesis_part_2\softwares\PhotoGraphiQ\src\photographiq\backends\fock.py:465: RuntimeWarning: GaussianTransform: retained Fock norm 0.99999908; test a larger cutoff
  self._gate((u, v), pq.GaussianTransform(passive=passive, active=active))
D:\Research\QML\results_1\cvqc\thesis_part_2\softwares\PhotoGraphiQ\src\photographiq\backends\fock.py:465: RuntimeWarning: GaussianTransform: retained Fock norm 0.99998713; test a larger cutoff
  self._gate((u, v), pq.GaussianTransform(passive=passive, active=active))
D:\Research\QML\results_1\cvqc\thesis_part_2\softwares\PhotoGraphiQ\src\photographiq\backends\fock.py:465: RuntimeWarning: GaussianTransform: retained Fock norm 0.99999846; test a larger cutoff
  self._gate((u, v), pq.GaussianTransform(passive=passive, active=active))
D:\Research\QML\results_1\cvqc\thesis_part_2\softwares\PhotoGraphiQ\src\photographiq\backends\fock.py:465: RuntimeWarning: GaussianTransform: retained Fock norm 0.99996346; test a larger cutoff
  self._gate((u, v), pq.GaussianTransform(passive=passive, active=active))
D:\Research\QML\results_1\cvqc\thesis_part_2\softwares\PhotoGraphiQ\src\photographiq\backends\fock.py:465: RuntimeWarning: GaussianTransform: retained Fock norm 0.9999835; test a larger cutoff
  self._gate((u, v), pq.GaussianTransform(passive=passive, active=active))
D:\Research\QML\results_1\cvqc\thesis_part_2\softwares\PhotoGraphiQ\src\photographiq\backends\fock.py:465: RuntimeWarning: GaussianTransform: retained Fock norm 0.99999953; test a larger cutoff
  self._gate((u, v), pq.GaussianTransform(passive=passive, active=active))
D:\Research\QML\results_1\cvqc\thesis_part_2\softwares\PhotoGraphiQ\src\photographiq\backends\fock.py:465: RuntimeWarning: GaussianTransform: retained Fock norm 0.99998348; test a larger cutoff
  self._gate((u, v), pq.GaussianTransform(passive=passive, active=active))
D:\Research\QML\results_1\cvqc\thesis_part_2\softwares\PhotoGraphiQ\src\photographiq\backends\fock.py:465: RuntimeWarning: GaussianTransform: retained Fock norm 0.99999297; test a larger cutoff
  self._gate((u, v), pq.GaussianTransform(passive=passive, active=active))
D:\Research\QML\results_1\cvqc\thesis_part_2\softwares\PhotoGraphiQ\src\photographiq\backends\fock.py:465: RuntimeWarning: GaussianTransform: retained Fock norm 0.99999917; test a larger cutoff
  self._gate((u, v), pq.GaussianTransform(passive=passive, active=active))
D:\Research\QML\results_1\cvqc\thesis_part_2\softwares\PhotoGraphiQ\src\photographiq\backends\fock.py:465: RuntimeWarning: GaussianTransform: retained Fock norm 0.99995603; test a larger cutoff
  self._gate((u, v), pq.GaussianTransform(passive=passive, active=active))
D:\Research\QML\results_1\cvqc\thesis_part_2\softwares\PhotoGraphiQ\src\photographiq\backends\fock.py:465: RuntimeWarning: GaussianTransform: retained Fock norm 0.99998465; test a larger cutoff
  self._gate((u, v), pq.GaussianTransform(passive=passive, active=active))
D:\Research\QML\results_1\cvqc\thesis_part_2\softwares\PhotoGraphiQ\src\photographiq\backends\fock.py:465: RuntimeWarning: GaussianTransform: retained Fock norm 0.99998009; test a larger cutoff
  self._gate((u, v), pq.GaussianTransform(passive=passive, active=active))
D:\Research\QML\results_1\cvqc\thesis_part_2\softwares\PhotoGraphiQ\src\photographiq\backends\fock.py:465: RuntimeWarning: GaussianTransform: retained Fock norm 0.999993; test a larger cutoff
  self._gate((u, v), pq.GaussianTransform(passive=passive, active=active))
D:\Research\QML\results_1\cvqc\thesis_part_2\softwares\PhotoGraphiQ\src\photographiq\backends\fock.py:465: RuntimeWarning: GaussianTransform: retained Fock norm 0.99999847; test a larger cutoff
  self._gate((u, v), pq.GaussianTransform(passive=passive, active=active))
D:\Research\QML\results_1\cvqc\thesis_part_2\softwares\PhotoGraphiQ\src\photographiq\backends\fock.py:465: RuntimeWarning: GaussianTransform: retained Fock norm 0.99994829; test a larger cutoff
  self._gate((u, v), pq.GaussianTransform(passive=passive, active=active))
D:\Research\QML\results_1\cvqc\thesis_part_2\softwares\PhotoGraphiQ\src\photographiq\backends\fock.py:465: RuntimeWarning: GaussianTransform: retained Fock norm 0.99999661; test a larger cutoff
  self._gate((u, v), pq.GaussianTransform(passive=passive, active=active))
D:\Research\QML\results_1\cvqc\thesis_part_2\softwares\PhotoGraphiQ\src\photographiq\backends\fock.py:465: RuntimeWarning: GaussianTransform: retained Fock norm 0.9999998; test a larger cutoff
  self._gate((u, v), pq.GaussianTransform(passive=passive, active=active))
D:\Research\QML\results_1\cvqc\thesis_part_2\softwares\PhotoGraphiQ\src\photographiq\backends\fock.py:465: RuntimeWarning: GaussianTransform: retained Fock norm 0.99999604; test a larger cutoff
  self._gate((u, v), pq.GaussianTransform(passive=passive, active=active))
D:\Research\QML\results_1\cvqc\thesis_part_2\softwares\PhotoGraphiQ\src\photographiq\backends\fock.py:465: RuntimeWarning: GaussianTransform: retained Fock norm 0.99994666; test a larger cutoff
  self._gate((u, v), pq.GaussianTransform(passive=passive, active=active))
D:\Research\QML\results_1\cvqc\thesis_part_2\softwares\PhotoGraphiQ\src\photographiq\backends\fock.py:465: RuntimeWarning: GaussianTransform: retained Fock norm 0.99999642; test a larger cutoff
  self._gate((u, v), pq.GaussianTransform(passive=passive, active=active))
D:\Research\QML\results_1\cvqc\thesis_part_2\softwares\PhotoGraphiQ\src\photographiq\backends\fock.py:465: RuntimeWarning: GaussianTransform: retained Fock norm 0.99999979; test a larger cutoff
  self._gate((u, v), pq.GaussianTransform(passive=passive, active=active))
D:\Research\QML\results_1\cvqc\thesis_part_2\softwares\PhotoGraphiQ\src\photographiq\backends\fock.py:465: RuntimeWarning: GaussianTransform: retained Fock norm 0.99992145; test a larger cutoff
  self._gate((u, v), pq.GaussianTransform(passive=passive, active=active))
D:\Research\QML\results_1\cvqc\thesis_part_2\softwares\PhotoGraphiQ\src\photographiq\backends\fock.py:465: RuntimeWarning: GaussianTransform: retained Fock norm 0.99996043; test a larger cutoff
  self._gate((u, v), pq.GaussianTransform(passive=passive, active=active))
D:\Research\QML\results_1\cvqc\thesis_part_2\softwares\PhotoGraphiQ\src\photographiq\backends\fock.py:465: RuntimeWarning: GaussianTransform: retained Fock norm 0.99999889; test a larger cutoff
  self._gate((u, v), pq.GaussianTransform(passive=passive, active=active))
D:\Research\QML\results_1\cvqc\thesis_part_2\softwares\PhotoGraphiQ\src\photographiq\backends\fock.py:465: RuntimeWarning: GaussianTransform: retained Fock norm 0.99999984; test a larger cutoff
  self._gate((u, v), pq.GaussianTransform(passive=passive, active=active))
D:\Research\QML\results_1\cvqc\thesis_part_2\softwares\PhotoGraphiQ\src\photographiq\backends\fock.py:465: RuntimeWarning: GaussianTransform: retained Fock norm 0.99999968; test a larger cutoff
  self._gate((u, v), pq.GaussianTransform(passive=passive, active=active))
D:\Research\QML\results_1\cvqc\thesis_part_2\softwares\PhotoGraphiQ\src\photographiq\backends\fock.py:465: RuntimeWarning: GaussianTransform: retained Fock norm 0.99991025; test a larger cutoff
  self._gate((u, v), pq.GaussianTransform(passive=passive, active=active))
D:\Research\QML\results_1\cvqc\thesis_part_2\softwares\PhotoGraphiQ\src\photographiq\backends\fock.py:465: RuntimeWarning: GaussianTransform: retained Fock norm 0.999964; test a larger cutoff
  self._gate((u, v), pq.GaussianTransform(passive=passive, active=active))
D:\Research\QML\results_1\cvqc\thesis_part_2\softwares\PhotoGraphiQ\src\photographiq\backends\fock.py:465: RuntimeWarning: GaussianTransform: retained Fock norm 0.9999982; test a larger cutoff
  self._gate((u, v), pq.GaussianTransform(passive=passive, active=active))
D:\Research\QML\results_1\cvqc\thesis_part_2\softwares\PhotoGraphiQ\src\photographiq\backends\fock.py:465: RuntimeWarning: GaussianTransform: retained Fock norm 0.99999869; test a larger cutoff
  self._gate((u, v), pq.GaussianTransform(passive=passive, active=active))
D:\Research\QML\results_1\cvqc\thesis_part_2\softwares\PhotoGraphiQ\src\photographiq\backends\fock.py:465: RuntimeWarning: GaussianTransform: retained Fock norm 0.9999997; test a larger cutoff
  self._gate((u, v), pq.GaussianTransform(passive=passive, active=active))
D:\Research\QML\results_1\cvqc\thesis_part_2\softwares\PhotoGraphiQ\src\photographiq\backends\fock.py:465: RuntimeWarning: GaussianTransform: retained Fock norm 0.99999989; test a larger cutoff
  self._gate((u, v), pq.GaussianTransform(passive=passive, active=active))
D:\Research\QML\results_1\cvqc\thesis_part_2\softwares\PhotoGraphiQ\src\photographiq\backends\fock.py:465: RuntimeWarning: GaussianTransform: retained Fock norm 0.99999985; test a larger cutoff
  self._gate((u, v), pq.GaussianTransform(passive=passive, active=active))
D:\Research\QML\results_1\cvqc\thesis_part_2\softwares\PhotoGraphiQ\src\photographiq\backends\fock.py:465: RuntimeWarning: GaussianTransform: retained Fock norm 0.99999993; test a larger cutoff
  self._gate((u, v), pq.GaussianTransform(passive=passive, active=active))
D:\Research\QML\results_1\cvqc\thesis_part_2\softwares\PhotoGraphiQ\src\photographiq\backends\fock.py:465: RuntimeWarning: GaussianTransform: retained Fock norm 0.99999744; test a larger cutoff
  self._gate((u, v), pq.GaussianTransform(passive=passive, active=active))
D:\Research\QML\results_1\cvqc\thesis_part_2\softwares\PhotoGraphiQ\src\photographiq\backends\fock.py:465: RuntimeWarning: GaussianTransform: retained Fock norm 0.99999945; test a larger cutoff
  self._gate((u, v), pq.GaussianTransform(passive=passive, active=active))
D:\Research\QML\results_1\cvqc\thesis_part_2\softwares\PhotoGraphiQ\src\photographiq\backends\fock.py:465: RuntimeWarning: GaussianTransform: retained Fock norm 0.99999883; test a larger cutoff
  self._gate((u, v), pq.GaussianTransform(passive=passive, active=active))
D:\Research\QML\results_1\cvqc\thesis_part_2\softwares\PhotoGraphiQ\src\photographiq\backends\fock.py:465: RuntimeWarning: GaussianTransform: retained Fock norm 0.9999996; test a larger cutoff
  self._gate((u, v), pq.GaussianTransform(passive=passive, active=active))
D:\Research\QML\results_1\cvqc\thesis_part_2\softwares\PhotoGraphiQ\src\photographiq\backends\fock.py:465: RuntimeWarning: GaussianTransform: retained Fock norm 0.99999686; test a larger cutoff
  self._gate((u, v), pq.GaussianTransform(passive=passive, active=active))
D:\Research\QML\results_1\cvqc\thesis_part_2\softwares\PhotoGraphiQ\src\photographiq\backends\fock.py:465: RuntimeWarning: GaussianTransform: retained Fock norm 0.99999927; test a larger cutoff
  self._gate((u, v), pq.GaussianTransform(passive=passive, active=active))
D:\Research\QML\results_1\cvqc\thesis_part_2\softwares\PhotoGraphiQ\src\photographiq\backends\fock.py:465: RuntimeWarning: GaussianTransform: retained Fock norm 0.99999849; test a larger cutoff
  self._gate((u, v), pq.GaussianTransform(passive=passive, active=active))
D:\Research\QML\results_1\cvqc\thesis_part_2\softwares\PhotoGraphiQ\src\photographiq\backends\fock.py:465: RuntimeWarning: GaussianTransform: retained Fock norm 0.9999966; test a larger cutoff
  self._gate((u, v), pq.GaussianTransform(passive=passive, active=active))
D:\Research\QML\results_1\cvqc\thesis_part_2\softwares\PhotoGraphiQ\src\photographiq\backends\fock.py:465: RuntimeWarning: GaussianTransform: retained Fock norm 0.99999544; test a larger cutoff
  self._gate((u, v), pq.GaussianTransform(passive=passive, active=active))
D:\Research\QML\results_1\cvqc\thesis_part_2\softwares\PhotoGraphiQ\src\photographiq\backends\fock.py:465: RuntimeWarning: GaussianTransform: retained Fock norm 0.99999776; test a larger cutoff
  self._gate((u, v), pq.GaussianTransform(passive=passive, active=active))
D:\Research\QML\results_1\cvqc\thesis_part_2\softwares\PhotoGraphiQ\src\photographiq\backends\fock.py:465: RuntimeWarning: GaussianTransform: retained Fock norm 0.99999952; test a larger cutoff
  self._gate((u, v), pq.GaussianTransform(passive=passive, active=active))
D:\Research\QML\results_1\cvqc\thesis_part_2\softwares\PhotoGraphiQ\src\photographiq\backends\fock.py:465: RuntimeWarning: GaussianTransform: retained Fock norm 0.99996436; test a larger cutoff
  self._gate((u, v), pq.GaussianTransform(passive=passive, active=active))
D:\Research\QML\results_1\cvqc\thesis_part_2\softwares\PhotoGraphiQ\src\photographiq\backends\fock.py:465: RuntimeWarning: GaussianTransform: retained Fock norm 0.99999894; test a larger cutoff
  self._gate((u, v), pq.GaussianTransform(passive=passive, active=active))
D:\Research\QML\results_1\cvqc\thesis_part_2\softwares\PhotoGraphiQ\src\photographiq\backends\fock.py:465: RuntimeWarning: GaussianTransform: retained Fock norm 0.99999876; test a larger cutoff
  self._gate((u, v), pq.GaussianTransform(passive=passive, active=active))
D:\Research\QML\results_1\cvqc\thesis_part_2\softwares\PhotoGraphiQ\src\photographiq\backends\fock.py:465: RuntimeWarning: GaussianTransform: retained Fock norm 0.99999724; test a larger cutoff
  self._gate((u, v), pq.GaussianTransform(passive=passive, active=active))
D:\Research\QML\results_1\cvqc\thesis_part_2\softwares\PhotoGraphiQ\src\photographiq\backends\fock.py:465: RuntimeWarning: GaussianTransform: retained Fock norm 0.99999935; test a larger cutoff
  self._gate((u, v), pq.GaussianTransform(passive=passive, active=active))
D:\Research\QML\results_1\cvqc\thesis_part_2\softwares\PhotoGraphiQ\src\photographiq\backends\fock.py:465: RuntimeWarning: GaussianTransform: retained Fock norm 0.9999584; test a larger cutoff
  self._gate((u, v), pq.GaussianTransform(passive=passive, active=active))
D:\Research\QML\results_1\cvqc\thesis_part_2\softwares\PhotoGraphiQ\src\photographiq\backends\fock.py:465: RuntimeWarning: GaussianTransform: retained Fock norm 0.99999878; test a larger cutoff
  self._gate((u, v), pq.GaussianTransform(passive=passive, active=active))
D:\Research\QML\results_1\cvqc\thesis_part_2\softwares\PhotoGraphiQ\src\photographiq\backends\fock.py:465: RuntimeWarning: GaussianTransform: retained Fock norm 0.99999981; test a larger cutoff
  self._gate((u, v), pq.GaussianTransform(passive=passive, active=active))
D:\Research\QML\results_1\cvqc\thesis_part_2\softwares\PhotoGraphiQ\src\photographiq\backends\fock.py:465: RuntimeWarning: GaussianTransform: retained Fock norm 0.99999848; test a larger cutoff
  self._gate((u, v), pq.GaussianTransform(passive=passive, active=active))
D:\Research\QML\results_1\cvqc\thesis_part_2\softwares\PhotoGraphiQ\src\photographiq\backends\fock.py:465: RuntimeWarning: GaussianTransform: retained Fock norm 0.99999913; test a larger cutoff
  self._gate((u, v), pq.GaussianTransform(passive=passive, active=active))
D:\Research\QML\results_1\cvqc\thesis_part_2\softwares\PhotoGraphiQ\src\photographiq\backends\fock.py:465: RuntimeWarning: GaussianTransform: retained Fock norm 0.99999732; test a larger cutoff
  self._gate((u, v), pq.GaussianTransform(passive=passive, active=active))
D:\Research\QML\results_1\cvqc\thesis_part_2\softwares\PhotoGraphiQ\src\photographiq\backends\fock.py:465: RuntimeWarning: GaussianTransform: retained Fock norm 0.99999748; test a larger cutoff
  self._gate((u, v), pq.GaussianTransform(passive=passive, active=active))
D:\Research\QML\results_1\cvqc\thesis_part_2\softwares\PhotoGraphiQ\src\photographiq\backends\fock.py:465: RuntimeWarning: GaussianTransform: retained Fock norm 0.99999973; test a larger cutoff
  self._gate((u, v), pq.GaussianTransform(passive=passive, active=active))
D:\Research\QML\results_1\cvqc\thesis_part_2\softwares\PhotoGraphiQ\src\photographiq\backends\fock.py:465: RuntimeWarning: GaussianTransform: retained Fock norm 0.99999972; test a larger cutoff
  self._gate((u, v), pq.GaussianTransform(passive=passive, active=active))
D:\Research\QML\results_1\cvqc\thesis_part_2\softwares\PhotoGraphiQ\src\photographiq\backends\fock.py:465: RuntimeWarning: GaussianTransform: retained Fock norm 0.99999899; test a larger cutoff
  self._gate((u, v), pq.GaussianTransform(passive=passive, active=active))
D:\Research\QML\results_1\cvqc\thesis_part_2\softwares\PhotoGraphiQ\src\photographiq\backends\fock.py:465: RuntimeWarning: GaussianTransform: retained Fock norm 0.99999679; test a larger cutoff
  self._gate((u, v), pq.GaussianTransform(passive=passive, active=active))
D:\Research\QML\results_1\cvqc\thesis_part_2\softwares\PhotoGraphiQ\src\photographiq\backends\fock.py:465: RuntimeWarning: GaussianTransform: retained Fock norm 0.99999914; test a larger cutoff
  self._gate((u, v), pq.GaussianTransform(passive=passive, active=active))
D:\Research\QML\results_1\cvqc\thesis_part_2\softwares\PhotoGraphiQ\src\photographiq\backends\fock.py:465: RuntimeWarning: GaussianTransform: retained Fock norm 0.99999887; test a larger cutoff
  self._gate((u, v), pq.GaussianTransform(passive=passive, active=active))
D:\Research\QML\results_1\cvqc\thesis_part_2\softwares\PhotoGraphiQ\src\photographiq\backends\fock.py:465: RuntimeWarning: GaussianTransform: retained Fock norm 0.99999606; test a larger cutoff
  self._gate((u, v), pq.GaussianTransform(passive=passive, active=active))
D:\Research\QML\results_1\cvqc\thesis_part_2\softwares\PhotoGraphiQ\src\photographiq\backends\fock.py:465: RuntimeWarning: GaussianTransform: retained Fock norm 0.99999862; test a larger cutoff
  self._gate((u, v), pq.GaussianTransform(passive=passive, active=active))
D:\Research\QML\results_1\cvqc\thesis_part_2\softwares\PhotoGraphiQ\src\photographiq\backends\fock.py:465: RuntimeWarning: GaussianTransform: retained Fock norm 0.9999989; test a larger cutoff
  self._gate((u, v), pq.GaussianTransform(passive=passive, active=active))
D:\Research\QML\results_1\cvqc\thesis_part_2\softwares\PhotoGraphiQ\src\photographiq\backends\fock.py:465: RuntimeWarning: GaussianTransform: retained Fock norm 0.99999976; test a larger cutoff
  self._gate((u, v), pq.GaussianTransform(passive=passive, active=active))
D:\Research\QML\results_1\cvqc\thesis_part_2\softwares\PhotoGraphiQ\src\photographiq\backends\fock.py:465: RuntimeWarning: GaussianTransform: retained Fock norm 0.99999877; test a larger cutoff
  self._gate((u, v), pq.GaussianTransform(passive=passive, active=active))
D:\Research\QML\results_1\cvqc\thesis_part_2\softwares\PhotoGraphiQ\src\photographiq\backends\fock.py:465: RuntimeWarning: GaussianTransform: retained Fock norm 0.99999896; test a larger cutoff
  self._gate((u, v), pq.GaussianTransform(passive=passive, active=active))
D:\Research\QML\results_1\cvqc\thesis_part_2\softwares\PhotoGraphiQ\src\photographiq\backends\fock.py:465: RuntimeWarning: GaussianTransform: retained Fock norm 0.9999987; test a larger cutoff
  self._gate((u, v), pq.GaussianTransform(passive=passive, active=active))
D:\Research\QML\results_1\cvqc\thesis_part_2\softwares\PhotoGraphiQ\src\photographiq\backends\fock.py:465: RuntimeWarning: GaussianTransform: retained Fock norm 0.99999974; test a larger cutoff
  self._gate((u, v), pq.GaussianTransform(passive=passive, active=active))
D:\Research\QML\results_1\cvqc\thesis_part_2\softwares\PhotoGraphiQ\src\photographiq\backends\fock.py:465: RuntimeWarning: GaussianTransform: retained Fock norm 0.99999702; test a larger cutoff
  self._gate((u, v), pq.GaussianTransform(passive=passive, active=active))
D:\Research\QML\results_1\cvqc\thesis_part_2\softwares\PhotoGraphiQ\src\photographiq\backends\fock.py:465: RuntimeWarning: GaussianTransform: retained Fock norm 0.99999969; test a larger cutoff
  self._gate((u, v), pq.GaussianTransform(passive=passive, active=active))
D:\Research\QML\results_1\cvqc\thesis_part_2\softwares\PhotoGraphiQ\src\photographiq\backends\fock.py:465: RuntimeWarning: GaussianTransform: retained Fock norm 0.99999962; test a larger cutoff
  self._gate((u, v), pq.GaussianTransform(passive=passive, active=active))
D:\Research\QML\results_1\cvqc\thesis_part_2\softwares\PhotoGraphiQ\src\photographiq\backends\fock.py:465: RuntimeWarning: GaussianTransform: retained Fock norm 0.99999843; test a larger cutoff
  self._gate((u, v), pq.GaussianTransform(passive=passive, active=active))
D:\Research\QML\results_1\cvqc\thesis_part_2\softwares\PhotoGraphiQ\src\photographiq\backends\fock.py:465: RuntimeWarning: GaussianTransform: retained Fock norm 0.99999965; test a larger cutoff
  self._gate((u, v), pq.GaussianTransform(passive=passive, active=active))
D:\Research\QML\results_1\cvqc\thesis_part_2\softwares\PhotoGraphiQ\src\photographiq\backends\fock.py:465: RuntimeWarning: GaussianTransform: retained Fock norm 0.99999633; test a larger cutoff
  self._gate((u, v), pq.GaussianTransform(passive=passive, active=active))
D:\Research\QML\results_1\cvqc\thesis_part_2\softwares\PhotoGraphiQ\src\photographiq\backends\fock.py:465: RuntimeWarning: GaussianTransform: retained Fock norm 0.99999963; test a larger cutoff
  self._gate((u, v), pq.GaussianTransform(passive=passive, active=active))
D:\Research\QML\results_1\cvqc\thesis_part_2\softwares\PhotoGraphiQ\src\photographiq\backends\fock.py:465: RuntimeWarning: GaussianTransform: retained Fock norm 0.99999841; test a larger cutoff
  self._gate((u, v), pq.GaussianTransform(passive=passive, active=active))
D:\Research\QML\results_1\cvqc\thesis_part_2\softwares\PhotoGraphiQ\src\photographiq\backends\fock.py:465: RuntimeWarning: GaussianTransform: retained Fock norm 0.99999052; test a larger cutoff
  self._gate((u, v), pq.GaussianTransform(passive=passive, active=active))
D:\Research\QML\results_1\cvqc\thesis_part_2\softwares\PhotoGraphiQ\src\photographiq\backends\fock.py:465: RuntimeWarning: GaussianTransform: retained Fock norm 0.99999863; test a larger cutoff
  self._gate((u, v), pq.GaussianTransform(passive=passive, active=active))
D:\Research\QML\results_1\cvqc\thesis_part_2\softwares\PhotoGraphiQ\src\photographiq\backends\fock.py:465: RuntimeWarning: GaussianTransform: retained Fock norm 0.99999083; test a larger cutoff
  self._gate((u, v), pq.GaussianTransform(passive=passive, active=active))
D:\Research\QML\results_1\cvqc\thesis_part_2\softwares\PhotoGraphiQ\src\photographiq\backends\fock.py:465: RuntimeWarning: GaussianTransform: retained Fock norm 0.99999938; test a larger cutoff
  self._gate((u, v), pq.GaussianTransform(passive=passive, active=active))
D:\Research\QML\results_1\cvqc\thesis_part_2\softwares\PhotoGraphiQ\src\photographiq\backends\fock.py:465: RuntimeWarning: GaussianTransform: retained Fock norm 0.99999831; test a larger cutoff
  self._gate((u, v), pq.GaussianTransform(passive=passive, active=active))
D:\Research\QML\results_1\cvqc\thesis_part_2\softwares\PhotoGraphiQ\src\photographiq\backends\fock.py:465: RuntimeWarning: GaussianTransform: retained Fock norm 0.99999603; test a larger cutoff
  self._gate((u, v), pq.GaussianTransform(passive=passive, active=active))
D:\Research\QML\results_1\cvqc\thesis_part_2\softwares\PhotoGraphiQ\src\photographiq\backends\fock.py:465: RuntimeWarning: GaussianTransform: retained Fock norm 0.99999813; test a larger cutoff
  self._gate((u, v), pq.GaussianTransform(passive=passive, active=active))
D:\Research\QML\results_1\cvqc\thesis_part_2\softwares\PhotoGraphiQ\src\photographiq\backends\fock.py:465: RuntimeWarning: GaussianTransform: retained Fock norm 0.99999949; test a larger cutoff
  self._gate((u, v), pq.GaussianTransform(passive=passive, active=active))
D:\Research\QML\results_1\cvqc\thesis_part_2\softwares\PhotoGraphiQ\src\photographiq\backends\fock.py:465: RuntimeWarning: GaussianTransform: retained Fock norm 0.99999919; test a larger cutoff
  self._gate((u, v), pq.GaussianTransform(passive=passive, active=active))
D:\Research\QML\results_1\cvqc\thesis_part_2\softwares\PhotoGraphiQ\src\photographiq\backends\fock.py:465: RuntimeWarning: GaussianTransform: retained Fock norm 0.99999794; test a larger cutoff
  self._gate((u, v), pq.GaussianTransform(passive=passive, active=active))
D:\Research\QML\results_1\cvqc\thesis_part_2\softwares\PhotoGraphiQ\src\photographiq\backends\fock.py:465: RuntimeWarning: GaussianTransform: retained Fock norm 0.99999934; test a larger cutoff
  self._gate((u, v), pq.GaussianTransform(passive=passive, active=active))
D:\Research\QML\results_1\cvqc\thesis_part_2\softwares\PhotoGraphiQ\src\photographiq\backends\fock.py:465: RuntimeWarning: GaussianTransform: retained Fock norm 0.99999966; test a larger cutoff
  self._gate((u, v), pq.GaussianTransform(passive=passive, active=active))
D:\Research\QML\results_1\cvqc\thesis_part_2\softwares\PhotoGraphiQ\src\photographiq\backends\fock.py:465: RuntimeWarning: GaussianTransform: retained Fock norm 0.99998901; test a larger cutoff
  self._gate((u, v), pq.GaussianTransform(passive=passive, active=active))
D:\Research\QML\results_1\cvqc\thesis_part_2\softwares\PhotoGraphiQ\src\photographiq\backends\fock.py:465: RuntimeWarning: GaussianTransform: retained Fock norm 0.9999932; test a larger cutoff
  self._gate((u, v), pq.GaussianTransform(passive=passive, active=active))
D:\Research\QML\results_1\cvqc\thesis_part_2\softwares\PhotoGraphiQ\src\photographiq\backends\fock.py:465: RuntimeWarning: GaussianTransform: retained Fock norm 0.9999983; test a larger cutoff
  self._gate((u, v), pq.GaussianTransform(passive=passive, active=active))
D:\Research\QML\results_1\cvqc\thesis_part_2\softwares\PhotoGraphiQ\src\photographiq\backends\fock.py:465: RuntimeWarning: GaussianTransform: retained Fock norm 0.99999924; test a larger cutoff
  self._gate((u, v), pq.GaussianTransform(passive=passive, active=active))
D:\Research\QML\results_1\cvqc\thesis_part_2\softwares\PhotoGraphiQ\src\photographiq\backends\fock.py:465: RuntimeWarning: GaussianTransform: retained Fock norm 0.99998926; test a larger cutoff
  self._gate((u, v), pq.GaussianTransform(passive=passive, active=active))
D:\Research\QML\results_1\cvqc\thesis_part_2\softwares\PhotoGraphiQ\src\photographiq\backends\fock.py:465: RuntimeWarning: GaussianTransform: retained Fock norm 0.9999931; test a larger cutoff
  self._gate((u, v), pq.GaussianTransform(passive=passive, active=active))
D:\Research\QML\results_1\cvqc\thesis_part_2\softwares\PhotoGraphiQ\src\photographiq\backends\fock.py:465: RuntimeWarning: GaussianTransform: retained Fock norm 0.99999951; test a larger cutoff
  self._gate((u, v), pq.GaussianTransform(passive=passive, active=active))
D:\Research\QML\results_1\cvqc\thesis_part_2\softwares\PhotoGraphiQ\src\photographiq\backends\fock.py:465: RuntimeWarning: GaussianTransform: retained Fock norm 0.99999838; test a larger cutoff
  self._gate((u, v), pq.GaussianTransform(passive=passive, active=active))
D:\Research\QML\results_1\cvqc\thesis_part_2\softwares\PhotoGraphiQ\src\photographiq\backends\fock.py:465: RuntimeWarning: GaussianTransform: retained Fock norm 0.99998564; test a larger cutoff
  self._gate((u, v), pq.GaussianTransform(passive=passive, active=active))
D:\Research\QML\results_1\cvqc\thesis_part_2\softwares\PhotoGraphiQ\src\photographiq\backends\fock.py:465: RuntimeWarning: GaussianTransform: retained Fock norm 0.99999476; test a larger cutoff
  self._gate((u, v), pq.GaussianTransform(passive=passive, active=active))
D:\Research\QML\results_1\cvqc\thesis_part_2\softwares\PhotoGraphiQ\src\photographiq\backends\fock.py:465: RuntimeWarning: GaussianTransform: retained Fock norm 0.99999928; test a larger cutoff
  self._gate((u, v), pq.GaussianTransform(passive=passive, active=active))
D:\Research\QML\results_1\cvqc\thesis_part_2\softwares\PhotoGraphiQ\src\photographiq\backends\fock.py:465: RuntimeWarning: GaussianTransform: retained Fock norm 0.99998268; test a larger cutoff
  self._gate((u, v), pq.GaussianTransform(passive=passive, active=active))
D:\Research\QML\results_1\cvqc\thesis_part_2\softwares\PhotoGraphiQ\src\photographiq\backends\fock.py:465: RuntimeWarning: GaussianTransform: retained Fock norm 0.99999511; test a larger cutoff
  self._gate((u, v), pq.GaussianTransform(passive=passive, active=active))
D:\Research\QML\results_1\cvqc\thesis_part_2\softwares\PhotoGraphiQ\src\photographiq\backends\fock.py:465: RuntimeWarning: GaussianTransform: retained Fock norm 0.99999867; test a larger cutoff
  self._gate((u, v), pq.GaussianTransform(passive=passive, active=active))
D:\Research\QML\results_1\cvqc\thesis_part_2\softwares\PhotoGraphiQ\src\photographiq\backends\fock.py:465: RuntimeWarning: GaussianTransform: retained Fock norm 0.99999925; test a larger cutoff
  self._gate((u, v), pq.GaussianTransform(passive=passive, active=active))
D:\Research\QML\results_1\cvqc\thesis_part_2\softwares\PhotoGraphiQ\src\photographiq\backends\fock.py:465: RuntimeWarning: GaussianTransform: retained Fock norm 0.99997973; test a larger cutoff
  self._gate((u, v), pq.GaussianTransform(passive=passive, active=active))
D:\Research\QML\results_1\cvqc\thesis_part_2\softwares\PhotoGraphiQ\src\photographiq\backends\fock.py:465: RuntimeWarning: GaussianTransform: retained Fock norm 0.99999936; test a larger cutoff
  self._gate((u, v), pq.GaussianTransform(passive=passive, active=active))
D:\Research\QML\results_1\cvqc\thesis_part_2\softwares\PhotoGraphiQ\src\photographiq\backends\fock.py:465: RuntimeWarning: GaussianTransform: retained Fock norm 0.99997925; test a larger cutoff
  self._gate((u, v), pq.GaussianTransform(passive=passive, active=active))
D:\Research\QML\results_1\cvqc\thesis_part_2\softwares\PhotoGraphiQ\src\photographiq\backends\fock.py:465: RuntimeWarning: GaussianTransform: retained Fock norm 0.99999946; test a larger cutoff
  self._gate((u, v), pq.GaussianTransform(passive=passive, active=active))
D:\Research\QML\results_1\cvqc\thesis_part_2\softwares\PhotoGraphiQ\src\photographiq\backends\fock.py:465: RuntimeWarning: GaussianTransform: retained Fock norm 0.99999888; test a larger cutoff
  self._gate((u, v), pq.GaussianTransform(passive=passive, active=active))
D:\Research\QML\results_1\cvqc\thesis_part_2\softwares\PhotoGraphiQ\src\photographiq\backends\fock.py:465: RuntimeWarning: GaussianTransform: retained Fock norm 0.99999893; test a larger cutoff
  self._gate((u, v), pq.GaussianTransform(passive=passive, active=active))
D:\Research\QML\results_1\cvqc\thesis_part_2\softwares\PhotoGraphiQ\src\photographiq\backends\fock.py:465: RuntimeWarning: GaussianTransform: retained Fock norm 0.99998644; test a larger cutoff
  self._gate((u, v), pq.GaussianTransform(passive=passive, active=active))
D:\Research\QML\results_1\cvqc\thesis_part_2\softwares\PhotoGraphiQ\src\photographiq\backends\fock.py:465: RuntimeWarning: GaussianTransform: retained Fock norm 0.9999974; test a larger cutoff
  self._gate((u, v), pq.GaussianTransform(passive=passive, active=active))
D:\Research\QML\results_1\cvqc\thesis_part_2\softwares\PhotoGraphiQ\src\photographiq\backends\fock.py:465: RuntimeWarning: GaussianTransform: retained Fock norm 0.99999961; test a larger cutoff
  self._gate((u, v), pq.GaussianTransform(passive=passive, active=active))
D:\Research\QML\results_1\cvqc\thesis_part_2\softwares\PhotoGraphiQ\src\photographiq\backends\fock.py:465: RuntimeWarning: GaussianTransform: retained Fock norm 0.99999875; test a larger cutoff
  self._gate((u, v), pq.GaussianTransform(passive=passive, active=active))
D:\Research\QML\results_1\cvqc\thesis_part_2\softwares\PhotoGraphiQ\src\photographiq\backends\fock.py:465: RuntimeWarning: GaussianTransform: retained Fock norm 0.99999978; test a larger cutoff
  self._gate((u, v), pq.GaussianTransform(passive=passive, active=active))
D:\Research\QML\results_1\cvqc\thesis_part_2\softwares\PhotoGraphiQ\src\photographiq\backends\fock.py:465: RuntimeWarning: GaussianTransform: retained Fock norm 0.99998825; test a larger cutoff
  self._gate((u, v), pq.GaussianTransform(passive=passive, active=active))
D:\Research\QML\results_1\cvqc\thesis_part_2\softwares\PhotoGraphiQ\src\photographiq\backends\fock.py:465: RuntimeWarning: GaussianTransform: retained Fock norm 0.9999968; test a larger cutoff
  self._gate((u, v), pq.GaussianTransform(passive=passive, active=active))
D:\Research\QML\results_1\cvqc\thesis_part_2\softwares\PhotoGraphiQ\src\photographiq\backends\fock.py:465: RuntimeWarning: GaussianTransform: retained Fock norm 0.99999955; test a larger cutoff
  self._gate((u, v), pq.GaussianTransform(passive=passive, active=active))
D:\Research\QML\results_1\cvqc\thesis_part_2\softwares\PhotoGraphiQ\src\photographiq\backends\fock.py:465: RuntimeWarning: GaussianTransform: retained Fock norm 0.99998537; test a larger cutoff
  self._gate((u, v), pq.GaussianTransform(passive=passive, active=active))
D:\Research\QML\results_1\cvqc\thesis_part_2\softwares\PhotoGraphiQ\src\photographiq\backends\fock.py:465: RuntimeWarning: GaussianTransform: retained Fock norm 0.9999614; test a larger cutoff
  self._gate((u, v), pq.GaussianTransform(passive=passive, active=active))
D:\Research\QML\results_1\cvqc\thesis_part_2\softwares\PhotoGraphiQ\src\photographiq\backends\fock.py:465: RuntimeWarning: GaussianTransform: retained Fock norm 0.99999771; test a larger cutoff
  self._gate((u, v), pq.GaussianTransform(passive=passive, active=active))
D:\Research\QML\results_1\cvqc\thesis_part_2\softwares\PhotoGraphiQ\src\photographiq\backends\fock.py:465: RuntimeWarning: GaussianTransform: retained Fock norm 0.99999247; test a larger cutoff
  self._gate((u, v), pq.GaussianTransform(passive=passive, active=active))
D:\Research\QML\results_1\cvqc\thesis_part_2\softwares\PhotoGraphiQ\src\photographiq\backends\fock.py:465: RuntimeWarning: GaussianTransform: retained Fock norm 0.99998737; test a larger cutoff
  self._gate((u, v), pq.GaussianTransform(passive=passive, active=active))
D:\Research\QML\results_1\cvqc\thesis_part_2\softwares\PhotoGraphiQ\src\photographiq\backends\fock.py:465: RuntimeWarning: GaussianTransform: retained Fock norm 0.99996376; test a larger cutoff
  self._gate((u, v), pq.GaussianTransform(passive=passive, active=active))
D:\Research\QML\results_1\cvqc\thesis_part_2\softwares\PhotoGraphiQ\src\photographiq\backends\fock.py:465: RuntimeWarning: GaussianTransform: retained Fock norm 0.99999399; test a larger cutoff
  self._gate((u, v), pq.GaussianTransform(passive=passive, active=active))
D:\Research\QML\results_1\cvqc\thesis_part_2\softwares\PhotoGraphiQ\src\photographiq\backends\fock.py:465: RuntimeWarning: GaussianTransform: retained Fock norm 0.9999911; test a larger cutoff
  self._gate((u, v), pq.GaussianTransform(passive=passive, active=active))
D:\Research\QML\results_1\cvqc\thesis_part_2\softwares\PhotoGraphiQ\src\photographiq\backends\fock.py:465: RuntimeWarning: GaussianTransform: retained Fock norm 0.9999964; test a larger cutoff
  self._gate((u, v), pq.GaussianTransform(passive=passive, active=active))
D:\Research\QML\results_1\cvqc\thesis_part_2\softwares\PhotoGraphiQ\src\photographiq\backends\fock.py:465: RuntimeWarning: GaussianTransform: retained Fock norm 0.9999936; test a larger cutoff
  self._gate((u, v), pq.GaussianTransform(passive=passive, active=active))
D:\Research\QML\results_1\cvqc\thesis_part_2\softwares\PhotoGraphiQ\src\photographiq\backends\fock.py:465: RuntimeWarning: GaussianTransform: retained Fock norm 0.9999803; test a larger cutoff
  self._gate((u, v), pq.GaussianTransform(passive=passive, active=active))
D:\Research\QML\results_1\cvqc\thesis_part_2\softwares\PhotoGraphiQ\src\photographiq\backends\fock.py:465: RuntimeWarning: GaussianTransform: retained Fock norm 0.99983598; test a larger cutoff
  self._gate((u, v), pq.GaussianTransform(passive=passive, active=active))
D:\Research\QML\results_1\cvqc\thesis_part_2\softwares\PhotoGraphiQ\src\photographiq\backends\fock.py:465: RuntimeWarning: GaussianTransform: retained Fock norm 0.99994182; test a larger cutoff
  self._gate((u, v), pq.GaussianTransform(passive=passive, active=active))
D:\Research\QML\results_1\cvqc\thesis_part_2\softwares\PhotoGraphiQ\src\photographiq\backends\fock.py:465: RuntimeWarning: GaussianTransform: retained Fock norm 0.99999558; test a larger cutoff
  self._gate((u, v), pq.GaussianTransform(passive=passive, active=active))
D:\Research\QML\results_1\cvqc\thesis_part_2\softwares\PhotoGraphiQ\src\photographiq\backends\fock.py:465: RuntimeWarning: GaussianTransform: retained Fock norm 0.99999232; test a larger cutoff
  self._gate((u, v), pq.GaussianTransform(passive=passive, active=active))
D:\Research\QML\results_1\cvqc\thesis_part_2\softwares\PhotoGraphiQ\src\photographiq\backends\fock.py:465: RuntimeWarning: GaussianTransform: retained Fock norm 0.9999789; test a larger cutoff
  self._gate((u, v), pq.GaussianTransform(passive=passive, active=active))
D:\Research\QML\results_1\cvqc\thesis_part_2\softwares\PhotoGraphiQ\src\photographiq\backends\fock.py:465: RuntimeWarning: GaussianTransform: retained Fock norm 0.99984285; test a larger cutoff
  self._gate((u, v), pq.GaussianTransform(passive=passive, active=active))
D:\Research\QML\results_1\cvqc\thesis_part_2\softwares\PhotoGraphiQ\src\photographiq\backends\fock.py:465: RuntimeWarning: GaussianTransform: retained Fock norm 0.99995117; test a larger cutoff
  self._gate((u, v), pq.GaussianTransform(passive=passive, active=active))
D:\Research\QML\results_1\cvqc\thesis_part_2\softwares\PhotoGraphiQ\src\photographiq\backends\fock.py:465: RuntimeWarning: GaussianTransform: retained Fock norm 0.99999922; test a larger cutoff
  self._gate((u, v), pq.GaussianTransform(passive=passive, active=active))
D:\Research\QML\results_1\cvqc\thesis_part_2\softwares\PhotoGraphiQ\src\photographiq\backends\fock.py:465: RuntimeWarning: GaussianTransform: retained Fock norm 0.99999718; test a larger cutoff
  self._gate((u, v), pq.GaussianTransform(passive=passive, active=active))
D:\Research\QML\results_1\cvqc\thesis_part_2\softwares\PhotoGraphiQ\src\photographiq\backends\fock.py:465: RuntimeWarning: GaussianTransform: retained Fock norm 0.99999983; test a larger cutoff
  self._gate((u, v), pq.GaussianTransform(passive=passive, active=active))
D:\Research\QML\results_1\cvqc\thesis_part_2\softwares\PhotoGraphiQ\src\photographiq\backends\fock.py:465: RuntimeWarning: GaussianTransform: retained Fock norm 0.99999821; test a larger cutoff
  self._gate((u, v), pq.GaussianTransform(passive=passive, active=active))
D:\Research\QML\results_1\cvqc\thesis_part_2\softwares\PhotoGraphiQ\src\photographiq\backends\fock.py:465: RuntimeWarning: GaussianTransform: retained Fock norm 0.99999681; test a larger cutoff
  self._gate((u, v), pq.GaussianTransform(passive=passive, active=active))
D:\Research\QML\results_1\cvqc\thesis_part_2\softwares\PhotoGraphiQ\src\photographiq\backends\fock.py:465: RuntimeWarning: GaussianTransform: retained Fock norm 0.99997088; test a larger cutoff
  self._gate((u, v), pq.GaussianTransform(passive=passive, active=active))
D:\Research\QML\results_1\cvqc\thesis_part_2\softwares\PhotoGraphiQ\src\photographiq\backends\fock.py:465: RuntimeWarning: GaussianTransform: retained Fock norm 0.99998835; test a larger cutoff
  self._gate((u, v), pq.GaussianTransform(passive=passive, active=active))
D:\Research\QML\results_1\cvqc\thesis_part_2\softwares\PhotoGraphiQ\src\photographiq\backends\fock.py:465: RuntimeWarning: GaussianTransform: retained Fock norm 0.99999918; test a larger cutoff
  self._gate((u, v), pq.GaussianTransform(passive=passive, active=active))
D:\Research\QML\results_1\cvqc\thesis_part_2\softwares\PhotoGraphiQ\src\photographiq\backends\fock.py:465: RuntimeWarning: GaussianTransform: retained Fock norm 0.9999988; test a larger cutoff
  self._gate((u, v), pq.GaussianTransform(passive=passive, active=active))
D:\Research\QML\results_1\cvqc\thesis_part_2\softwares\PhotoGraphiQ\src\photographiq\backends\fock.py:465: RuntimeWarning: GaussianTransform: retained Fock norm 0.99996489; test a larger cutoff
  self._gate((u, v), pq.GaussianTransform(passive=passive, active=active))
D:\Research\QML\results_1\cvqc\thesis_part_2\softwares\PhotoGraphiQ\src\photographiq\backends\fock.py:465: RuntimeWarning: GaussianTransform: retained Fock norm 0.99998705; test a larger cutoff
  self._gate((u, v), pq.GaussianTransform(passive=passive, active=active))

