$ D:\Research\QML\results_1\cvqc\thesis_part_2\softwares\PhotoGraphiQML\.venv\Scripts\python.exe D:\Research\QML\results_1\cvqc\thesis_part_2\softwares\PhotoGraphiQML\paper_experiments\13_extended\52_comprehensive_classification.py

--- stdout ---


--- stderr ---
D:\Research\QML\results_1\cvqc\thesis_part_2\softwares\PhotoGraphiQML\.venv\Lib\site-packages\sklearn\svm\_base.py:236: FutureWarning: The `probability` parameter was deprecated in 1.9 and will be removed in version 1.11. Use `CalibratedClassifierCV(SVC(), ensemble=False)` instead of `SVC(probability=True)`
  warnings.warn(
D:\Research\QML\results_1\cvqc\thesis_part_2\softwares\PhotoGraphiQML\.venv\Lib\site-packages\sklearn\svm\_base.py:236: FutureWarning: The `probability` parameter was deprecated in 1.9 and will be removed in version 1.11. Use `CalibratedClassifierCV(SVC(), ensemble=False)` instead of `SVC(probability=True)`
  warnings.warn(
D:\Research\QML\results_1\cvqc\thesis_part_2\softwares\PhotoGraphiQML\.venv\Lib\site-packages\sklearn\svm\_base.py:236: FutureWarning: The `probability` parameter was deprecated in 1.9 and will be removed in version 1.11. Use `CalibratedClassifierCV(SVC(), ensemble=False)` instead of `SVC(probability=True)`
  warnings.warn(
D:\Research\QML\results_1\cvqc\thesis_part_2\softwares\PhotoGraphiQML\.venv\Lib\site-packages\sklearn\svm\_base.py:236: FutureWarning: The `probability` parameter was deprecated in 1.9 and will be removed in version 1.11. Use `CalibratedClassifierCV(SVC(), ensemble=False)` instead of `SVC(probability=True)`
  warnings.warn(
D:\Research\QML\results_1\cvqc\thesis_part_2\softwares\PhotoGraphiQML\.venv\Lib\site-packages\sklearn\svm\_base.py:236: FutureWarning: The `probability` parameter was deprecated in 1.9 and will be removed in version 1.11. Use `CalibratedClassifierCV(SVC(), ensemble=False)` instead of `SVC(probability=True)`
  warnings.warn(
D:\Research\QML\results_1\cvqc\thesis_part_2\softwares\PhotoGraphiQML\.venv\Lib\site-packages\sklearn\svm\_base.py:236: FutureWarning: The `probability` parameter was deprecated in 1.9 and will be removed in version 1.11. Use `CalibratedClassifierCV(SVC(), ensemble=False)` instead of `SVC(probability=True)`
  warnings.warn(
D:\Research\QML\results_1\cvqc\thesis_part_2\softwares\PhotoGraphiQML\.venv\Lib\site-packages\sklearn\svm\_base.py:236: FutureWarning: The `probability` parameter was deprecated in 1.9 and will be removed in version 1.11. Use `CalibratedClassifierCV(SVC(), ensemble=False)` instead of `SVC(probability=True)`
  warnings.warn(
D:\Research\QML\results_1\cvqc\thesis_part_2\softwares\PhotoGraphiQML\.venv\Lib\site-packages\sklearn\svm\_base.py:236: FutureWarning: The `probability` parameter was deprecated in 1.9 and will be removed in version 1.11. Use `CalibratedClassifierCV(SVC(), ensemble=False)` instead of `SVC(probability=True)`
  warnings.warn(
D:\Research\QML\results_1\cvqc\thesis_part_2\softwares\PhotoGraphiQML\.venv\Lib\site-packages\sklearn\svm\_base.py:236: FutureWarning: The `probability` parameter was deprecated in 1.9 and will be removed in version 1.11. Use `CalibratedClassifierCV(SVC(), ensemble=False)` instead of `SVC(probability=True)`
  warnings.warn(
D:\Research\QML\results_1\cvqc\thesis_part_2\softwares\PhotoGraphiQML\.venv\Lib\site-packages\sklearn\svm\_base.py:236: FutureWarning: The `probability` parameter was deprecated in 1.9 and will be removed in version 1.11. Use `CalibratedClassifierCV(SVC(), ensemble=False)` instead of `SVC(probability=True)`
  warnings.warn(
D:\Research\QML\results_1\cvqc\thesis_part_2\softwares\PhotoGraphiQML\.venv\Lib\site-packages\sklearn\svm\_base.py:236: FutureWarning: The `probability` parameter was deprecated in 1.9 and will be removed in version 1.11. Use `CalibratedClassifierCV(SVC(), ensemble=False)` instead of `SVC(probability=True)`
  warnings.warn(
D:\Research\QML\results_1\cvqc\thesis_part_2\softwares\PhotoGraphiQML\.venv\Lib\site-packages\sklearn\svm\_base.py:236: FutureWarning: The `probability` parameter was deprecated in 1.9 and will be removed in version 1.11. Use `CalibratedClassifierCV(SVC(), ensemble=False)` instead of `SVC(probability=True)`
  warnings.warn(
D:\Research\QML\results_1\cvqc\thesis_part_2\softwares\PhotoGraphiQML\.venv\Lib\site-packages\sklearn\svm\_base.py:236: FutureWarning: The `probability` parameter was deprecated in 1.9 and will be removed in version 1.11. Use `CalibratedClassifierCV(SVC(), ensemble=False)` instead of `SVC(probability=True)`
  warnings.warn(
D:\Research\QML\results_1\cvqc\thesis_part_2\softwares\PhotoGraphiQML\.venv\Lib\site-packages\sklearn\svm\_base.py:236: FutureWarning: The `probability` parameter was deprecated in 1.9 and will be removed in version 1.11. Use `CalibratedClassifierCV(SVC(), ensemble=False)` instead of `SVC(probability=True)`
  warnings.warn(
D:\Research\QML\results_1\cvqc\thesis_part_2\softwares\PhotoGraphiQML\.venv\Lib\site-packages\sklearn\svm\_base.py:236: FutureWarning: The `probability` parameter was deprecated in 1.9 and will be removed in version 1.11. Use `CalibratedClassifierCV(SVC(), ensemble=False)` instead of `SVC(probability=True)`
  warnings.warn(
D:\Research\QML\results_1\cvqc\thesis_part_2\softwares\PhotoGraphiQML\.venv\Lib\site-packages\sklearn\svm\_base.py:236: FutureWarning: The `probability` parameter was deprecated in 1.9 and will be removed in version 1.11. Use `CalibratedClassifierCV(SVC(), ensemble=False)` instead of `SVC(probability=True)`
  warnings.warn(
D:\Research\QML\results_1\cvqc\thesis_part_2\softwares\PhotoGraphiQML\.venv\Lib\site-packages\sklearn\svm\_base.py:236: FutureWarning: The `probability` parameter was deprecated in 1.9 and will be removed in version 1.11. Use `CalibratedClassifierCV(SVC(), ensemble=False)` instead of `SVC(probability=True)`
  warnings.warn(
D:\Research\QML\results_1\cvqc\thesis_part_2\softwares\PhotoGraphiQML\.venv\Lib\site-packages\sklearn\svm\_base.py:236: FutureWarning: The `probability` parameter was deprecated in 1.9 and will be removed in version 1.11. Use `CalibratedClassifierCV(SVC(), ensemble=False)` instead of `SVC(probability=True)`
  warnings.warn(
D:\Research\QML\results_1\cvqc\thesis_part_2\softwares\PhotoGraphiQML\.venv\Lib\site-packages\sklearn\svm\_base.py:236: FutureWarning: The `probability` parameter was deprecated in 1.9 and will be removed in version 1.11. Use `CalibratedClassifierCV(SVC(), ensemble=False)` instead of `SVC(probability=True)`
  warnings.warn(
D:\Research\QML\results_1\cvqc\thesis_part_2\softwares\PhotoGraphiQML\.venv\Lib\site-packages\sklearn\svm\_base.py:236: FutureWarning: The `probability` parameter was deprecated in 1.9 and will be removed in version 1.11. Use `CalibratedClassifierCV(SVC(), ensemble=False)` instead of `SVC(probability=True)`
  warnings.warn(
D:\Research\QML\results_1\cvqc\thesis_part_2\softwares\PhotoGraphiQML\.venv\Lib\site-packages\sklearn\svm\_base.py:236: FutureWarning: The `probability` parameter was deprecated in 1.9 and will be removed in version 1.11. Use `CalibratedClassifierCV(SVC(), ensemble=False)` instead of `SVC(probability=True)`
  warnings.warn(
D:\Research\QML\results_1\cvqc\thesis_part_2\softwares\PhotoGraphiQML\.venv\Lib\site-packages\sklearn\svm\_base.py:236: FutureWarning: The `probability` parameter was deprecated in 1.9 and will be removed in version 1.11. Use `CalibratedClassifierCV(SVC(), ensemble=False)` instead of `SVC(probability=True)`
  warnings.warn(
D:\Research\QML\results_1\cvqc\thesis_part_2\softwares\PhotoGraphiQML\.venv\Lib\site-packages\sklearn\svm\_base.py:236: FutureWarning: The `probability` parameter was deprecated in 1.9 and will be removed in version 1.11. Use `CalibratedClassifierCV(SVC(), ensemble=False)` instead of `SVC(probability=True)`
  warnings.warn(
D:\Research\QML\results_1\cvqc\thesis_part_2\softwares\PhotoGraphiQML\.venv\Lib\site-packages\sklearn\svm\_base.py:236: FutureWarning: The `probability` parameter was deprecated in 1.9 and will be removed in version 1.11. Use `CalibratedClassifierCV(SVC(), ensemble=False)` instead of `SVC(probability=True)`
  warnings.warn(
D:\Research\QML\results_1\cvqc\thesis_part_2\softwares\PhotoGraphiQML\.venv\Lib\site-packages\sklearn\svm\_base.py:236: FutureWarning: The `probability` parameter was deprecated in 1.9 and will be removed in version 1.11. Use `CalibratedClassifierCV(SVC(), ensemble=False)` instead of `SVC(probability=True)`
  warnings.warn(
D:\Research\QML\results_1\cvqc\thesis_part_2\softwares\PhotoGraphiQML\.venv\Lib\site-packages\sklearn\svm\_base.py:236: FutureWarning: The `probability` parameter was deprecated in 1.9 and will be removed in version 1.11. Use `CalibratedClassifierCV(SVC(), ensemble=False)` instead of `SVC(probability=True)`
  warnings.warn(
D:\Research\QML\results_1\cvqc\thesis_part_2\softwares\PhotoGraphiQML\.venv\Lib\site-packages\sklearn\svm\_base.py:236: FutureWarning: The `probability` parameter was deprecated in 1.9 and will be removed in version 1.11. Use `CalibratedClassifierCV(SVC(), ensemble=False)` instead of `SVC(probability=True)`
  warnings.warn(
D:\Research\QML\results_1\cvqc\thesis_part_2\softwares\PhotoGraphiQML\.venv\Lib\site-packages\sklearn\svm\_base.py:236: FutureWarning: The `probability` parameter was deprecated in 1.9 and will be removed in version 1.11. Use `CalibratedClassifierCV(SVC(), ensemble=False)` instead of `SVC(probability=True)`
  warnings.warn(
D:\Research\QML\results_1\cvqc\thesis_part_2\softwares\PhotoGraphiQML\.venv\Lib\site-packages\sklearn\svm\_base.py:236: FutureWarning: The `probability` parameter was deprecated in 1.9 and will be removed in version 1.11. Use `CalibratedClassifierCV(SVC(), ensemble=False)` instead of `SVC(probability=True)`
  warnings.warn(
D:\Research\QML\results_1\cvqc\thesis_part_2\softwares\PhotoGraphiQML\.venv\Lib\site-packages\sklearn\svm\_base.py:236: FutureWarning: The `probability` parameter was deprecated in 1.9 and will be removed in version 1.11. Use `CalibratedClassifierCV(SVC(), ensemble=False)` instead of `SVC(probability=True)`
  warnings.warn(

