$ D:\Research\QML\results_1\cvqc\thesis_part_2\softwares\PhotoGraphiQML\.venv\Scripts\python.exe D:\Research\QML\results_1\cvqc\thesis_part_2\softwares\PhotoGraphiQML\paper_experiments\13_extended\56_logical_physical_gap.py

--- stdout ---


--- stderr ---
D:\Research\QML\results_1\cvqc\thesis_part_2\softwares\PhotoGraphiQ\src\photographiq\backends\fock.py:465: RuntimeWarning: GaussianTransform: retained Fock norm 0.9998801; test a larger cutoff
  self._gate((u, v), pq.GaussianTransform(passive=passive, active=active))
D:\Research\QML\results_1\cvqc\thesis_part_2\softwares\PhotoGraphiQ\src\photographiq\backends\fock.py:465: RuntimeWarning: GaussianTransform: retained Fock norm 0.99989369; test a larger cutoff
  self._gate((u, v), pq.GaussianTransform(passive=passive, active=active))
D:\Research\QML\results_1\cvqc\thesis_part_2\softwares\PhotoGraphiQ\src\photographiq\backends\fock.py:465: RuntimeWarning: GaussianTransform: retained Fock norm 0.99989137; test a larger cutoff
  self._gate((u, v), pq.GaussianTransform(passive=passive, active=active))
D:\Research\QML\results_1\cvqc\thesis_part_2\softwares\PhotoGraphiQ\src\photographiq\backends\fock.py:465: RuntimeWarning: GaussianTransform: retained Fock norm 0.99990317; test a larger cutoff
  self._gate((u, v), pq.GaussianTransform(passive=passive, active=active))
D:\Research\QML\results_1\cvqc\thesis_part_2\softwares\PhotoGraphiQ\src\photographiq\backends\fock.py:465: RuntimeWarning: GaussianTransform: retained Fock norm 0.99998277; test a larger cutoff
  self._gate((u, v), pq.GaussianTransform(passive=passive, active=active))
D:\Research\QML\results_1\cvqc\thesis_part_2\softwares\PhotoGraphiQ\src\photographiq\backends\fock.py:465: RuntimeWarning: GaussianTransform: retained Fock norm 0.99998148; test a larger cutoff
  self._gate((u, v), pq.GaussianTransform(passive=passive, active=active))
D:\Research\QML\results_1\cvqc\thesis_part_2\softwares\PhotoGraphiQ\src\photographiq\backends\fock.py:465: RuntimeWarning: GaussianTransform: retained Fock norm 0.99998547; test a larger cutoff
  self._gate((u, v), pq.GaussianTransform(passive=passive, active=active))
D:\Research\QML\results_1\cvqc\thesis_part_2\softwares\PhotoGraphiQ\src\photographiq\backends\fock.py:465: RuntimeWarning: GaussianTransform: retained Fock norm 0.99998654; test a larger cutoff
  self._gate((u, v), pq.GaussianTransform(passive=passive, active=active))
D:\Research\QML\results_1\cvqc\thesis_part_2\softwares\PhotoGraphiQ\src\photographiq\backends\fock.py:465: RuntimeWarning: GaussianTransform: retained Fock norm 0.9999971; test a larger cutoff
  self._gate((u, v), pq.GaussianTransform(passive=passive, active=active))
D:\Research\QML\results_1\cvqc\thesis_part_2\softwares\PhotoGraphiQ\src\photographiq\backends\fock.py:465: RuntimeWarning: GaussianTransform: retained Fock norm 0.99999582; test a larger cutoff
  self._gate((u, v), pq.GaussianTransform(passive=passive, active=active))
D:\Research\QML\results_1\cvqc\thesis_part_2\softwares\PhotoGraphiQ\src\photographiq\backends\fock.py:465: RuntimeWarning: GaussianTransform: retained Fock norm 0.99999749; test a larger cutoff
  self._gate((u, v), pq.GaussianTransform(passive=passive, active=active))
D:\Research\QML\results_1\cvqc\thesis_part_2\softwares\PhotoGraphiQ\src\photographiq\backends\fock.py:465: RuntimeWarning: GaussianTransform: retained Fock norm 0.99999768; test a larger cutoff
  self._gate((u, v), pq.GaussianTransform(passive=passive, active=active))
D:\Research\QML\results_1\cvqc\thesis_part_2\softwares\PhotoGraphiQ\src\photographiq\backends\fock.py:465: RuntimeWarning: GaussianTransform: retained Fock norm 0.99999997; test a larger cutoff
  self._gate((u, v), pq.GaussianTransform(passive=passive, active=active))
D:\Research\QML\results_1\cvqc\thesis_part_2\softwares\PhotoGraphiQ\src\photographiq\backends\fock.py:465: RuntimeWarning: GaussianTransform: retained Fock norm 0.99999988; test a larger cutoff
  self._gate((u, v), pq.GaussianTransform(passive=passive, active=active))
D:\Research\QML\results_1\cvqc\thesis_part_2\softwares\PhotoGraphiQ\src\photographiq\backends\fock.py:465: RuntimeWarning: GaussianTransform: retained Fock norm 0.99999987; test a larger cutoff
  self._gate((u, v), pq.GaussianTransform(passive=passive, active=active))
D:\Research\QML\results_1\cvqc\thesis_part_2\softwares\PhotoGraphiQ\src\photographiq\backends\fock.py:465: RuntimeWarning: GaussianTransform: retained Fock norm 0.99999981; test a larger cutoff
  self._gate((u, v), pq.GaussianTransform(passive=passive, active=active))
D:\Research\QML\results_1\cvqc\thesis_part_2\softwares\PhotoGraphiQ\src\photographiq\backends\fock.py:465: RuntimeWarning: GaussianTransform: retained Fock norm 0.99999044; test a larger cutoff
  self._gate((u, v), pq.GaussianTransform(passive=passive, active=active))
D:\Research\QML\results_1\cvqc\thesis_part_2\softwares\PhotoGraphiQ\src\photographiq\backends\fock.py:465: RuntimeWarning: GaussianTransform: retained Fock norm 0.99999531; test a larger cutoff
  self._gate((u, v), pq.GaussianTransform(passive=passive, active=active))
D:\Research\QML\results_1\cvqc\thesis_part_2\softwares\PhotoGraphiQ\src\photographiq\backends\fock.py:465: RuntimeWarning: GaussianTransform: retained Fock norm 0.99999927; test a larger cutoff
  self._gate((u, v), pq.GaussianTransform(passive=passive, active=active))
D:\Research\QML\results_1\cvqc\thesis_part_2\softwares\PhotoGraphiQ\src\photographiq\backends\fock.py:465: RuntimeWarning: GaussianTransform: retained Fock norm 0.99999231; test a larger cutoff
  self._gate((u, v), pq.GaussianTransform(passive=passive, active=active))
D:\Research\QML\results_1\cvqc\thesis_part_2\softwares\PhotoGraphiQ\src\photographiq\backends\fock.py:465: RuntimeWarning: GaussianTransform: retained Fock norm 0.9999973; test a larger cutoff
  self._gate((u, v), pq.GaussianTransform(passive=passive, active=active))
D:\Research\QML\results_1\cvqc\thesis_part_2\softwares\PhotoGraphiQ\src\photographiq\backends\fock.py:465: RuntimeWarning: GaussianTransform: retained Fock norm 0.99999975; test a larger cutoff
  self._gate((u, v), pq.GaussianTransform(passive=passive, active=active))
D:\Research\QML\results_1\cvqc\thesis_part_2\softwares\PhotoGraphiQ\src\photographiq\backends\fock.py:465: RuntimeWarning: GaussianTransform: retained Fock norm 0.99999912; test a larger cutoff
  self._gate((u, v), pq.GaussianTransform(passive=passive, active=active))
D:\Research\QML\results_1\cvqc\thesis_part_2\softwares\PhotoGraphiQ\src\photographiq\backends\fock.py:465: RuntimeWarning: GaussianTransform: retained Fock norm 0.99999931; test a larger cutoff
  self._gate((u, v), pq.GaussianTransform(passive=passive, active=active))
D:\Research\QML\results_1\cvqc\thesis_part_2\softwares\PhotoGraphiQ\src\photographiq\backends\fock.py:465: RuntimeWarning: GaussianTransform: retained Fock norm 0.99999448; test a larger cutoff
  self._gate((u, v), pq.GaussianTransform(passive=passive, active=active))
D:\Research\QML\results_1\cvqc\thesis_part_2\softwares\PhotoGraphiQ\src\photographiq\backends\fock.py:465: RuntimeWarning: GaussianTransform: retained Fock norm 0.9999599; test a larger cutoff
  self._gate((u, v), pq.GaussianTransform(passive=passive, active=active))
D:\Research\QML\results_1\cvqc\thesis_part_2\softwares\PhotoGraphiQ\src\photographiq\backends\fock.py:465: RuntimeWarning: GaussianTransform: retained Fock norm 0.9999998; test a larger cutoff
  self._gate((u, v), pq.GaussianTransform(passive=passive, active=active))
D:\Research\QML\results_1\cvqc\thesis_part_2\softwares\PhotoGraphiQ\src\photographiq\backends\fock.py:465: RuntimeWarning: GaussianTransform: retained Fock norm 0.99999946; test a larger cutoff
  self._gate((u, v), pq.GaussianTransform(passive=passive, active=active))
D:\Research\QML\results_1\cvqc\thesis_part_2\softwares\PhotoGraphiQ\src\photographiq\backends\fock.py:465: RuntimeWarning: GaussianTransform: retained Fock norm 0.99999994; test a larger cutoff
  self._gate((u, v), pq.GaussianTransform(passive=passive, active=active))
D:\Research\QML\results_1\cvqc\thesis_part_2\softwares\PhotoGraphiQ\src\photographiq\backends\fock.py:465: RuntimeWarning: GaussianTransform: retained Fock norm 0.99999996; test a larger cutoff
  self._gate((u, v), pq.GaussianTransform(passive=passive, active=active))
D:\Research\QML\results_1\cvqc\thesis_part_2\softwares\PhotoGraphiQ\src\photographiq\backends\fock.py:465: RuntimeWarning: GaussianTransform: retained Fock norm 0.99999947; test a larger cutoff
  self._gate((u, v), pq.GaussianTransform(passive=passive, active=active))
D:\Research\QML\results_1\cvqc\thesis_part_2\softwares\PhotoGraphiQ\src\photographiq\backends\fock.py:465: RuntimeWarning: GaussianTransform: retained Fock norm 0.99999978; test a larger cutoff
  self._gate((u, v), pq.GaussianTransform(passive=passive, active=active))
D:\Research\QML\results_1\cvqc\thesis_part_2\softwares\PhotoGraphiQ\src\photographiq\backends\fock.py:465: RuntimeWarning: GaussianTransform: retained Fock norm 0.99999995; test a larger cutoff
  self._gate((u, v), pq.GaussianTransform(passive=passive, active=active))
D:\Research\QML\results_1\cvqc\thesis_part_2\softwares\PhotoGraphiQ\src\photographiq\backends\fock.py:465: RuntimeWarning: GaussianTransform: retained Fock norm 0.99999998; test a larger cutoff
  self._gate((u, v), pq.GaussianTransform(passive=passive, active=active))
D:\Research\QML\results_1\cvqc\thesis_part_2\softwares\PhotoGraphiQ\src\photographiq\backends\fock.py:465: RuntimeWarning: GaussianTransform: retained Fock norm 0.99999865; test a larger cutoff
  self._gate((u, v), pq.GaussianTransform(passive=passive, active=active))
D:\Research\QML\results_1\cvqc\thesis_part_2\softwares\PhotoGraphiQ\src\photographiq\backends\fock.py:465: RuntimeWarning: GaussianTransform: retained Fock norm 0.99999906; test a larger cutoff
  self._gate((u, v), pq.GaussianTransform(passive=passive, active=active))

